{
    "samples": [
        {
            "headId": "af52fc0460790c3679a6591f8b57d7c2",
            "headParameters": {
                "contestationPeriod": 31536000,
                "parties": [
                    {
                        "vkey": "40266d9f905b7b49dc376c3512da92a9488e8c7c70f8c19214f56242de0f05fe"
                    },
                    {
                        "vkey": "a36026812fd18ad1e71e0af9f72033f5a698e677d5274251c1ca432359ff942f"
                    },
                    {
                        "vkey": "05e82727ff54b33cece2a0727f1ce950ec6a1f238d48a66565dab09ec8f24892"
                    },
                    {
                        "vkey": "6eb09c67e82f973fd045d39106b5e9c4c4c60f9c40507ff4c8ab4d1ff19565a7"
                    },
                    {
                        "vkey": "0b07b8328fb30dc43b4345cc25700d0f2a913c86ee2148b2b71d881318aa626f"
                    },
                    {
                        "vkey": "3dcbccbf5f0b487bec2dec0ddaa5d0db90a792d4df551b200075649b3447e7ef"
                    },
                    {
                        "vkey": "73b41596fcf0fbb0eb0e522341722895e6a393e468b64c5c323c441c447ae997"
                    }
                ]
            },
            "headSeed": "18172855ae0676b20b276a9e7db62747",
            "participants": [
                "4932eeb6577207d01a29464779aa310f53992b972525bfb176dd4b63",
                "c80c74466d84eff5d28f31b060504560d8e2142c64c8ed21653a6880"
            ],
            "tag": "OnInitTx"
        }
    ],
    "seed": -51552850
}