{
    "samples": [
        {
            "headId": "a42836de904bad82fe8684bee8a92cab",
            "recoveredTxId": "8c912bcc3f52bb968cbe13d560ee871b4f11d26fab67a8bc7eb22f3d5b8ff8a8",
            "tag": "OnRecoverTx"
        }
    ],
    "seed": 1400446037
}