{
    "samples": [
        {
            "by": {
                "alias": null,
                "vkey": "fffffffffffffff0"
            },
            "effect": {
                "serverOutput": {
                    "tag": "CommandFailed"
                },
                "tag": "ClientEffect"
            },
            "tag": "ProcessedEffect"
        },
        {
            "by": {
                "alias": null,
                "vkey": "0000000000000014"
            },
            "event": {
                "tag": "ShouldPostFanout"
            },
            "tag": "ProcessedEvent"
        },
        {
            "by": {
                "alias": null,
                "vkey": "ffffffffffffffe7"
            },
            "effect": {
                "serverOutput": {
                    "tag": "TxValid",
                    "transaction": {
                        "id": -13,
                        "inputs": [
                            -28,
                            -24,
                            -23,
                            -20,
                            -13,
                            -11,
                            -10,
                            -7,
                            -6,
                            -2,
                            7,
                            10,
                            18,
                            20,
                            22,
                            24,
                            26,
                            27,
                            29
                        ],
                        "outputs": [
                            -17,
                            0,
                            7,
                            12
                        ]
                    }
                },
                "tag": "ClientEffect"
            },
            "tag": "ProcessedEffect"
        },
        {
            "by": {
                "alias": null,
                "vkey": "000000000000001a"
            },
            "event": {
                "onChainTx": {
                    "contestationDeadline": "1864-04-10T23:54:51.761386143058Z",
                    "snapshotNumber": 6,
                    "tag": "OnCloseTx"
                },
                "tag": "OnChainEvent"
            },
            "reason": {
                "actual": 16,
                "expected": 30,
                "tag": "InvalidSnapshot"
            },
            "tag": "ErrorHandlingEvent"
        },
        {
            "by": {
                "alias": null,
                "vkey": "fffffffffffffff7"
            },
            "event": {
                "onChainTx": {
                    "tag": "OnContestTx"
                },
                "tag": "OnChainEvent"
            },
            "tag": "ProcessingEvent"
        }
    ],
    "seed": -884571530
}