{
    "samples": [
        {
            "tag": "ReqTx",
            "transaction": {
                "id": 7,
                "inputs": [
                    -27,
                    -26,
                    -21,
                    -20,
                    -12,
                    -1,
                    22,
                    23,
                    25,
                    27,
                    29,
                    30
                ],
                "outputs": [
                    -25,
                    -21,
                    -13,
                    3,
                    11,
                    13,
                    22,
                    23,
                    24,
                    25,
                    28,
                    30
                ]
            }
        },
        {
            "decommitRequester": {
                "vkey": "31eb008ec9b806ac368ea4a20f7299dc9f8666812ceecdaf8536ab0caeddc05e"
            },
            "tag": "ReqDec",
            "transaction": {
                "id": 23,
                "inputs": [
                    -28,
                    -26,
                    -23,
                    -22,
                    -17,
                    -14,
                    -13,
                    -12,
                    -11,
                    -7,
                    -6,
                    -5,
                    -4,
                    -3,
                    10,
                    14,
                    16,
                    23
                ],
                "outputs": [
                    -18,
                    -17,
                    -15,
                    9,
                    11,
                    18,
                    29
                ]
            }
        },
        {
            "signed": "55b5c0a76461a10c5d0796233e0282cf8d3af91a962e3c143ab3d35618d9082a97af24c5168c17184c8b0ee50b8593b03d64894e38fba07c9dc583e869ce630f",
            "snapshotNumber": 2,
            "tag": "AckSn"
        },
        {
            "tag": "ReqTx",
            "transaction": {
                "id": 16,
                "inputs": [
                    -18,
                    -14,
                    0,
                    8,
                    11,
                    21,
                    25,
                    30
                ],
                "outputs": [
                    -28,
                    -20,
                    -19,
                    -18,
                    -7,
                    -4,
                    -2,
                    -1,
                    4,
                    7,
                    10,
                    13,
                    16,
                    18,
                    22,
                    23,
                    29
                ]
            }
        },
        {
            "decommitTx": {
                "id": 7,
                "inputs": [
                    -30,
                    -27,
                    -25,
                    -24,
                    -21,
                    -20,
                    -18,
                    -11,
                    -10,
                    -4,
                    -3,
                    2,
                    7,
                    14,
                    15,
                    16,
                    23,
                    25,
                    27
                ],
                "outputs": [
                    -30,
                    -27,
                    -16,
                    5,
                    8,
                    19,
                    26
                ]
            },
            "snapshotNumber": 1,
            "tag": "ReqSn",
            "transactionIds": [
                22,
                -29,
                13,
                -13,
                28,
                11,
                -24,
                -20,
                -27,
                13,
                25,
                -11,
                4,
                -19,
                -22,
                7,
                28,
                24,
                17,
                -5,
                -7,
                18,
                13,
                -27,
                -10,
                21,
                -18,
                24,
                16
            ]
        }
    ],
    "seed": -23364207
}