{
    "samples": [
        {
            "headId": "04080000010800030400030307060307",
            "recoveredTxId": "0601040604050502000203070201070704080301020103040208040304060801",
            "recoveredUTxO": {},
            "seq": 2,
            "tag": "CommitRecovered",
            "timestamp": "1864-05-04T01:06:00.218316113061Z"
        },
        {
            "contestationDeadline": "1864-05-14T01:37:28.261173390645Z",
            "headId": "02060402070600060201010405010006",
            "seq": 4,
            "snapshotNumber": 0,
            "tag": "HeadIsClosed",
            "timestamp": "1864-05-08T11:48:32.36545692828Z"
        },
        {
            "postChainTx": {
                "deadline": 6,
                "headId": "06060207080004000804010403040304",
                "recoverTxId": "0601080304010801020806000408080000040505060403000702000304080604",
                "tag": "RecoverTx"
            },
            "postTxError": {
                "tag": "FailedToConstructCloseTx"
            },
            "seq": 5,
            "tag": "PostTxOnChainFailed",
            "timestamp": "1864-05-04T13:04:39.677899836809Z"
        },
        {
            "headId": "01070508050104070401030107000605",
            "seq": 0,
            "tag": "GetUTxOResponse",
            "timestamp": "1864-05-15T04:14:02.391919054438Z",
            "utxo": {
                "0105060001000204060700060203030804070607080105080604020701070201#10": {
                    "address": "addr_test1zrxf6rz63pwdrszf6egz93tlmsgfz77gf0y4els33mc6rzzeu9mtfd9fk6w8chdr08av2vnfxglpqaex3vewck68h0pqteshac",
                    "datum": null,
                    "inlineDatum": {
                        "constructor": 0,
                        "fields": []
                    },
                    "inlineDatumRaw": "d87980",
                    "inlineDatumhash": "923918e403bf43c34b4ef6b48eb2ee04babed17320d8d1b9ff9ad086e86f44ec",
                    "referenceScript": null,
                    "value": {
                        "2db8410d969b6ad6b6969703c77ebf6c44061aa51c5d6ceba46557e2": {
                            "31": 3393696446537166585
                        },
                        "lovelace": 1914227408225432083
                    }
                },
                "0204060304030001010500060106030808060506070302080305070705000806#45": {
                    "address": "2RhQhCGqYPDnp4UP8NGFyFtag8ZAhL2Lo7KU8BGgcjuV39wBqF3R8cyjsUEZ19v8KLxb8KwXaViotXpUWzQZkpfCoouu5KvP9hTohTC8wZ5Wvi",
                    "datum": null,
                    "datumhash": null,
                    "inlineDatum": null,
                    "inlineDatumRaw": null,
                    "referenceScript": null,
                    "value": {
                        "b12121d92b4ae7916d04102fa1cd2f6dd6a6c6d0ef77bb356bdadc65": {
                            "36": 4313057009922026869
                        }
                    }
                }
            }
        },
        {
            "headId": "07070605060002080708040700020304",
            "seq": 5,
            "tag": "HeadIsOpen",
            "timestamp": "1864-05-05T12:47:59.060553158458Z",
            "utxo": {
                "0401010103010201030705080006060207030406050004040006080006030305#5": {
                    "address": "addr_test1xrzp2vujm8jefkxh68yhppmtrecepyk844gdahv96fte4a9sthkzd4vjc42r0myhywplvnzvg0el7t34l78q2g6wsf5scx9duu",
                    "datum": null,
                    "inlineDatum": {
                        "list": [
                            {
                                "constructor": 1,
                                "fields": [
                                    {
                                        "int": 0
                                    },
                                    {
                                        "int": 4
                                    }
                                ]
                            },
                            {
                                "int": -5
                            },
                            {
                                "constructor": 5,
                                "fields": []
                            },
                            {
                                "int": -4
                            }
                        ]
                    },
                    "inlineDatumRaw": "9fd87a9f0004ff24d87e8023ff",
                    "inlineDatumhash": "175e1cf693a4f07b970716cd6fe5a252c52cf59ad96f9f93b9dd115bbaba4682",
                    "referenceScript": {
                        "script": {
                            "cborHex": "82040a",
                            "description": "",
                            "type": "SimpleScript"
                        },
                        "scriptLanguage": "SimpleScriptLanguage"
                    },
                    "value": {
                        "105a8f1bb56444cacc86378c95421aceeb326b0fb7743e493eb82fd5": {
                            "35": 1
                        },
                        "lovelace": 4498487118473707162
                    }
                }
            }
        }
    ],
    "seed": 2039565716
}