{
    "samples": [
        {
            "tag": "GetUTxO"
        },
        {
            "tag": "Fanout"
        },
        {
            "tag": "Close"
        },
        {
            "decommitTx": {
                "id": 2,
                "inputs": [
                    -6,
                    -1,
                    5
                ],
                "outputs": [
                    1
                ]
            },
            "tag": "Decommit"
        },
        {
            "tag": "Abort"
        },
        {
            "tag": "Init"
        },
        {
            "tag": "NewTx",
            "transaction": {
                "id": -2,
                "inputs": [
                    -6,
                    -2,
                    -1,
                    2,
                    5
                ],
                "outputs": [
                    -1
                ]
            }
        },
        {
            "decommitTx": {
                "id": 3,
                "inputs": [
                    -2,
                    3
                ],
                "outputs": [
                    -3,
                    -1,
                    6
                ]
            },
            "tag": "Decommit"
        },
        {
            "decommitTx": {
                "id": 4,
                "inputs": [],
                "outputs": [
                    -5,
                    -2
                ]
            },
            "tag": "Decommit"
        },
        {
            "tag": "Fanout"
        },
        {
            "tag": "Abort"
        },
        {
            "tag": "Contest"
        },
        {
            "tag": "Abort"
        },
        {
            "decommitTx": {
                "id": 0,
                "inputs": [
                    -4,
                    -2,
                    1,
                    4
                ],
                "outputs": [
                    -5,
                    -3,
                    4,
                    5,
                    6
                ]
            },
            "tag": "Decommit"
        },
        {
            "tag": "Contest"
        },
        {
            "tag": "NewTx",
            "transaction": {
                "id": -5,
                "inputs": [
                    -1,
                    5
                ],
                "outputs": [
                    6
                ]
            }
        },
        {
            "tag": "Contest"
        },
        {
            "tag": "Init"
        },
        {
            "tag": "NewTx",
            "transaction": {
                "id": 2,
                "inputs": [],
                "outputs": [
                    -6,
                    -4,
                    3
                ]
            }
        },
        {
            "tag": "NewTx",
            "transaction": {
                "id": 1,
                "inputs": [],
                "outputs": [
                    -4,
                    -3,
                    -1,
                    6
                ]
            }
        },
        {
            "tag": "NewTx",
            "transaction": {
                "id": -1,
                "inputs": [
                    -5,
                    -1,
                    1,
                    6
                ],
                "outputs": [
                    -5,
                    -2,
                    4
                ]
            }
        },
        {
            "tag": "Abort"
        },
        {
            "decommitTx": {
                "id": 1,
                "inputs": [
                    -5,
                    -4,
                    0,
                    2
                ],
                "outputs": [
                    -4
                ]
            },
            "tag": "Decommit"
        },
        {
            "tag": "Fanout"
        },
        {
            "tag": "Close"
        },
        {
            "tag": "Init"
        },
        {
            "decommitTx": {
                "id": 0,
                "inputs": [
                    -2
                ],
                "outputs": []
            },
            "tag": "Decommit"
        },
        {
            "tag": "Abort"
        },
        {
            "tag": "NewTx",
            "transaction": {
                "id": 2,
                "inputs": [
                    -6,
                    -3,
                    0,
                    3,
                    4
                ],
                "outputs": [
                    -5,
                    -2,
                    0,
                    1,
                    3
                ]
            }
        },
        {
            "tag": "GetUTxO"
        },
        {
            "tag": "GetUTxO"
        },
        {
            "tag": "Contest"
        },
        {
            "tag": "Init"
        },
        {
            "tag": "NewTx",
            "transaction": {
                "id": 5,
                "inputs": [
                    -6,
                    -4,
                    2,
                    4
                ],
                "outputs": [
                    5,
                    6
                ]
            }
        },
        {
            "tag": "GetUTxO"
        },
        {
            "tag": "GetUTxO"
        },
        {
            "tag": "Abort"
        },
        {
            "tag": "Init"
        },
        {
            "tag": "Fanout"
        },
        {
            "tag": "Close"
        },
        {
            "decommitTx": {
                "id": 0,
                "inputs": [
                    -6,
                    3,
                    4
                ],
                "outputs": [
                    -1,
                    0,
                    2,
                    6
                ]
            },
            "tag": "Decommit"
        },
        {
            "tag": "Abort"
        },
        {
            "tag": "Contest"
        },
        {
            "decommitTx": {
                "id": 5,
                "inputs": [
                    -6,
                    0
                ],
                "outputs": [
                    4
                ]
            },
            "tag": "Decommit"
        },
        {
            "decommitTx": {
                "id": 5,
                "inputs": [
                    -6,
                    1,
                    2,
                    3,
                    5
                ],
                "outputs": [
                    -3,
                    -2,
                    0
                ]
            },
            "tag": "Decommit"
        },
        {
            "tag": "Fanout"
        },
        {
            "tag": "Contest"
        },
        {
            "tag": "GetUTxO"
        },
        {
            "tag": "Contest"
        },
        {
            "tag": "Abort"
        },
        {
            "tag": "Abort"
        },
        {
            "tag": "Fanout"
        },
        {
            "tag": "Abort"
        },
        {
            "tag": "GetUTxO"
        },
        {
            "tag": "Close"
        },
        {
            "decommitTx": {
                "id": 4,
                "inputs": [
                    3
                ],
                "outputs": [
                    -6,
                    -4,
                    -2,
                    1
                ]
            },
            "tag": "Decommit"
        },
        {
            "tag": "Init"
        },
        {
            "tag": "Contest"
        },
        {
            "tag": "Fanout"
        },
        {
            "tag": "GetUTxO"
        },
        {
            "tag": "GetUTxO"
        },
        {
            "tag": "Init"
        },
        {
            "tag": "NewTx",
            "transaction": {
                "id": 6,
                "inputs": [
                    -6,
                    -1,
                    0,
                    1,
                    2
                ],
                "outputs": []
            }
        },
        {
            "tag": "Fanout"
        },
        {
            "tag": "NewTx",
            "transaction": {
                "id": 3,
                "inputs": [
                    -4,
                    -3,
                    0,
                    3,
                    4
                ],
                "outputs": [
                    -6,
                    -2
                ]
            }
        },
        {
            "tag": "Fanout"
        },
        {
            "tag": "Contest"
        },
        {
            "tag": "Close"
        },
        {
            "tag": "Abort"
        },
        {
            "tag": "Fanout"
        },
        {
            "tag": "Abort"
        },
        {
            "decommitTx": {
                "id": -4,
                "inputs": [
                    -3,
                    0,
                    3,
                    5
                ],
                "outputs": [
                    -5,
                    0,
                    3,
                    4
                ]
            },
            "tag": "Decommit"
        },
        {
            "tag": "Init"
        },
        {
            "tag": "Fanout"
        },
        {
            "tag": "GetUTxO"
        },
        {
            "tag": "Init"
        },
        {
            "tag": "Fanout"
        },
        {
            "tag": "Close"
        },
        {
            "tag": "Contest"
        },
        {
            "decommitTx": {
                "id": 4,
                "inputs": [
                    -5,
                    -1,
                    1,
                    2,
                    4
                ],
                "outputs": []
            },
            "tag": "Decommit"
        },
        {
            "decommitTx": {
                "id": 1,
                "inputs": [
                    -6,
                    -2,
                    -1,
                    3
                ],
                "outputs": [
                    -6,
                    -3,
                    2,
                    3,
                    6
                ]
            },
            "tag": "Decommit"
        },
        {
            "tag": "Abort"
        },
        {
            "tag": "Abort"
        },
        {
            "tag": "GetUTxO"
        },
        {
            "tag": "Init"
        },
        {
            "decommitTx": {
                "id": -2,
                "inputs": [
                    -6,
                    -3,
                    1
                ],
                "outputs": [
                    -6,
                    -2,
                    4,
                    5
                ]
            },
            "tag": "Decommit"
        },
        {
            "decommitTx": {
                "id": 2,
                "inputs": [
                    3
                ],
                "outputs": [
                    -6,
                    -3,
                    -1
                ]
            },
            "tag": "Decommit"
        },
        {
            "tag": "Init"
        },
        {
            "tag": "Close"
        },
        {
            "tag": "Fanout"
        },
        {
            "tag": "Fanout"
        },
        {
            "tag": "Fanout"
        },
        {
            "tag": "Fanout"
        },
        {
            "tag": "Close"
        },
        {
            "tag": "GetUTxO"
        },
        {
            "decommitTx": {
                "id": 2,
                "inputs": [
                    -3,
                    -2,
                    4
                ],
                "outputs": []
            },
            "tag": "Decommit"
        },
        {
            "tag": "Fanout"
        },
        {
            "tag": "Init"
        },
        {
            "tag": "Fanout"
        },
        {
            "tag": "Init"
        },
        {
            "tag": "GetUTxO"
        },
        {
            "decommitTx": {
                "id": -2,
                "inputs": [],
                "outputs": [
                    -6,
                    -5,
                    0
                ]
            },
            "tag": "Decommit"
        },
        {
            "tag": "NewTx",
            "transaction": {
                "id": -1,
                "inputs": [
                    -1,
                    0,
                    1,
                    2,
                    6
                ],
                "outputs": [
                    -6,
                    -3,
                    -2,
                    0
                ]
            }
        },
        {
            "tag": "GetUTxO"
        },
        {
            "tag": "Init"
        },
        {
            "decommitTx": {
                "id": 6,
                "inputs": [
                    -6,
                    -1,
                    2,
                    6
                ],
                "outputs": [
                    -2,
                    3
                ]
            },
            "tag": "Decommit"
        },
        {
            "tag": "NewTx",
            "transaction": {
                "id": -5,
                "inputs": [
                    0
                ],
                "outputs": [
                    -2,
                    2,
                    3
                ]
            }
        },
        {
            "tag": "Init"
        },
        {
            "tag": "Init"
        },
        {
            "tag": "Close"
        },
        {
            "tag": "NewTx",
            "transaction": {
                "id": -6,
                "inputs": [
                    -4,
                    -1,
                    1
                ],
                "outputs": [
                    -6,
                    -5,
                    -4,
                    -3,
                    2
                ]
            }
        },
        {
            "decommitTx": {
                "id": -1,
                "inputs": [
                    -5,
                    -3,
                    0
                ],
                "outputs": [
                    -3
                ]
            },
            "tag": "Decommit"
        },
        {
            "tag": "Contest"
        },
        {
            "tag": "Abort"
        },
        {
            "tag": "Close"
        },
        {
            "tag": "Close"
        },
        {
            "tag": "NewTx",
            "transaction": {
                "id": -3,
                "inputs": [
                    -2,
                    2,
                    3,
                    4,
                    6
                ],
                "outputs": [
                    -6,
                    -4,
                    0,
                    1,
                    3,
                    5
                ]
            }
        },
        {
            "tag": "Contest"
        },
        {
            "tag": "Init"
        },
        {
            "tag": "Fanout"
        },
        {
            "tag": "Init"
        },
        {
            "tag": "Contest"
        },
        {
            "tag": "Init"
        },
        {
            "decommitTx": {
                "id": -4,
                "inputs": [
                    -4,
                    -3,
                    1,
                    2,
                    3
                ],
                "outputs": [
                    -6
                ]
            },
            "tag": "Decommit"
        },
        {
            "tag": "Fanout"
        },
        {
            "tag": "GetUTxO"
        },
        {
            "tag": "Contest"
        },
        {
            "tag": "Close"
        },
        {
            "tag": "GetUTxO"
        },
        {
            "tag": "Abort"
        },
        {
            "tag": "Close"
        },
        {
            "decommitTx": {
                "id": 2,
                "inputs": [
                    -1,
                    4
                ],
                "outputs": [
                    -2
                ]
            },
            "tag": "Decommit"
        },
        {
            "tag": "NewTx",
            "transaction": {
                "id": -1,
                "inputs": [
                    -3,
                    -2,
                    -1,
                    1,
                    3
                ],
                "outputs": [
                    -1
                ]
            }
        },
        {
            "tag": "NewTx",
            "transaction": {
                "id": 2,
                "inputs": [
                    -3,
                    2,
                    3,
                    5
                ],
                "outputs": []
            }
        },
        {
            "tag": "Init"
        },
        {
            "tag": "Close"
        },
        {
            "tag": "Abort"
        },
        {
            "tag": "Close"
        },
        {
            "tag": "GetUTxO"
        },
        {
            "tag": "Contest"
        },
        {
            "tag": "Close"
        },
        {
            "tag": "NewTx",
            "transaction": {
                "id": -3,
                "inputs": [
                    -5,
                    -3,
                    3,
                    4,
                    5
                ],
                "outputs": [
                    -5,
                    -4,
                    0,
                    3
                ]
            }
        },
        {
            "tag": "Init"
        },
        {
            "tag": "GetUTxO"
        },
        {
            "tag": "Close"
        },
        {
            "tag": "GetUTxO"
        },
        {
            "tag": "Abort"
        },
        {
            "tag": "NewTx",
            "transaction": {
                "id": 6,
                "inputs": [
                    2
                ],
                "outputs": [
                    -6,
                    -2,
                    6
                ]
            }
        },
        {
            "tag": "Contest"
        },
        {
            "tag": "Init"
        },
        {
            "tag": "Close"
        },
        {
            "tag": "Contest"
        },
        {
            "tag": "NewTx",
            "transaction": {
                "id": 2,
                "inputs": [
                    -5,
                    -2,
                    -1
                ],
                "outputs": []
            }
        },
        {
            "tag": "Abort"
        },
        {
            "decommitTx": {
                "id": 2,
                "inputs": [
                    -1,
                    2,
                    4
                ],
                "outputs": [
                    -6,
                    -1,
                    1,
                    2,
                    5
                ]
            },
            "tag": "Decommit"
        },
        {
            "tag": "Abort"
        },
        {
            "decommitTx": {
                "id": -2,
                "inputs": [
                    -3
                ],
                "outputs": [
                    -1,
                    3,
                    4,
                    5,
                    6
                ]
            },
            "tag": "Decommit"
        },
        {
            "tag": "Fanout"
        },
        {
            "tag": "Close"
        },
        {
            "tag": "Init"
        },
        {
            "tag": "GetUTxO"
        },
        {
            "tag": "Contest"
        },
        {
            "tag": "Fanout"
        },
        {
            "tag": "Init"
        },
        {
            "tag": "GetUTxO"
        },
        {
            "tag": "Close"
        },
        {
            "tag": "Init"
        },
        {
            "tag": "Close"
        },
        {
            "tag": "Fanout"
        },
        {
            "tag": "Fanout"
        },
        {
            "tag": "Fanout"
        },
        {
            "tag": "Contest"
        },
        {
            "tag": "NewTx",
            "transaction": {
                "id": 3,
                "inputs": [
                    -6,
                    -2,
                    2,
                    4
                ],
                "outputs": [
                    -1,
                    3,
                    6
                ]
            }
        },
        {
            "tag": "Init"
        },
        {
            "tag": "Contest"
        },
        {
            "tag": "Fanout"
        },
        {
            "decommitTx": {
                "id": -1,
                "inputs": [
                    -6,
                    -3,
                    -2,
                    1
                ],
                "outputs": [
                    -3,
                    5,
                    6
                ]
            },
            "tag": "Decommit"
        },
        {
            "tag": "Close"
        },
        {
            "tag": "GetUTxO"
        },
        {
            "tag": "Abort"
        },
        {
            "tag": "Fanout"
        },
        {
            "tag": "Abort"
        },
        {
            "tag": "Fanout"
        },
        {
            "tag": "NewTx",
            "transaction": {
                "id": 5,
                "inputs": [
                    -5,
                    -2,
                    3,
                    4
                ],
                "outputs": [
                    -2,
                    1,
                    3,
                    4
                ]
            }
        },
        {
            "tag": "GetUTxO"
        },
        {
            "decommitTx": {
                "id": -1,
                "inputs": [],
                "outputs": [
                    -2,
                    4
                ]
            },
            "tag": "Decommit"
        },
        {
            "tag": "Init"
        },
        {
            "decommitTx": {
                "id": -4,
                "inputs": [
                    3,
                    5,
                    6
                ],
                "outputs": [
                    -6,
                    -3,
                    -1
                ]
            },
            "tag": "Decommit"
        },
        {
            "tag": "Contest"
        },
        {
            "tag": "Init"
        },
        {
            "tag": "Contest"
        },
        {
            "tag": "Abort"
        },
        {
            "tag": "Fanout"
        },
        {
            "tag": "Close"
        },
        {
            "tag": "Contest"
        },
        {
            "decommitTx": {
                "id": -4,
                "inputs": [
                    -2
                ],
                "outputs": [
                    0,
                    1,
                    2,
                    3,
                    5
                ]
            },
            "tag": "Decommit"
        },
        {
            "tag": "GetUTxO"
        },
        {
            "tag": "Fanout"
        },
        {
            "tag": "NewTx",
            "transaction": {
                "id": -5,
                "inputs": [
                    -3,
                    5,
                    6
                ],
                "outputs": [
                    -6,
                    -2,
                    -1,
                    1,
                    3
                ]
            }
        },
        {
            "tag": "Init"
        }
    ],
    "seed": 454374247
}