{
    "samples": [
        {
            "tag": "TxValid",
            "transaction": {
                "id": -4,
                "inputs": [
                    -21,
                    -18,
                    -16,
                    -11,
                    -3,
                    0,
                    1,
                    4,
                    5,
                    10,
                    13,
                    16,
                    18
                ],
                "outputs": [
                    -20,
                    -17,
                    -15,
                    6,
                    10
                ]
            }
        },
        {
            "peer": {
                "hostname": "0.0.122.90",
                "port": 11339
            },
            "tag": "PeerConnected"
        },
        {
            "tag": "TxInvalid",
            "transaction": {
                "id": -26,
                "inputs": [
                    -23,
                    -21,
                    -20,
                    -14,
                    -1,
                    1,
                    2,
                    8,
                    10,
                    13,
                    20
                ],
                "outputs": [
                    -15,
                    -2,
                    1,
                    3,
                    26
                ]
            },
            "utxo": [
                -21,
                -17,
                -13,
                -10,
                -9,
                0,
                1,
                7,
                14,
                15,
                18,
                20,
                24,
                25
            ],
            "validationError": {
                "reason": "\u0010\u000bJduf\u0016V\u001cU8qrm\u0019𤲲9tG]q\"\u0014\u0001|z_𦯔S"
            }
        },
        {
            "tag": "UTxO",
            "utxo": [
                -24,
                -23,
                -19,
                -16,
                -15,
                -14,
                -13,
                -5,
                -2,
                6,
                8,
                9,
                10,
                12,
                14,
                16,
                19,
                24,
                25,
                27
            ]
        },
        {
            "tag": "TxInvalid",
            "transaction": {
                "id": -5,
                "inputs": [
                    -29,
                    -17,
                    -15,
                    -9,
                    -8,
                    -6,
                    -2,
                    10,
                    17,
                    18,
                    20,
                    23
                ],
                "outputs": [
                    -21,
                    -18,
                    -14,
                    -12,
                    -11,
                    -10,
                    -7,
                    -4,
                    0,
                    1,
                    2,
                    3,
                    8,
                    10,
                    11,
                    12,
                    13,
                    15,
                    18,
                    21,
                    24,
                    28,
                    30
                ]
            },
            "utxo": [
                -30,
                -29,
                -26,
                -23,
                -16,
                -14,
                -12,
                -9,
                2,
                12,
                16,
                22,
                28
            ],
            "validationError": {
                "reason": "|7"
            }
        }
    ],
    "seed": 120824323
}