{
    "samples": [
        {
            "input": "ó·Ÿ‡\u000cqó¿¿¸\u001aó°³‰zç‰…j%0ôˆ€¤S=JN0oX_ð¥‡€|7ç¤™\u000cz\u0007",
            "reason": "\u0019Vô‚²°,\u0014ð¦«°ô‹ƒ›0@è©¾káŒˆA\u0005\u001b<",
            "tag": "InvalidInput"
        },
        {
            "tag": "HeadIsAborted",
            "utxo": [
                -24,
                -22,
                -20,
                -17,
                -15,
                -9,
                -8,
                -7,
                -3,
                -2,
                -1,
                0,
                4,
                7,
                13,
                14,
                16,
                21,
                26,
                27
            ]
        },
        {
            "tag": "HeadIsFinalized",
            "utxo": [
                -23,
                -22,
                -6,
                -2,
                5,
                11,
                18,
                21,
                22,
                24,
                26
            ]
        },
        {
            "tag": "HeadIsOpen",
            "utxo": []
        },
        {
            "tag": "TxInvalid",
            "transaction": {
                "id": 1,
                "inputs": [
                    -22,
                    -6,
                    -5,
                    -3,
                    0,
                    2,
                    5,
                    7,
                    9,
                    15,
                    21
                ],
                "outputs": [
                    -29,
                    -24,
                    -23,
                    -10,
                    -8,
                    3,
                    13,
                    19,
                    20,
                    28
                ]
            },
            "utxo": [
                -26,
                -18,
                -13,
                -11,
                -8,
                -6,
                3,
                22,
                28
            ],
            "validationError": {
                "reason": "<ð˜›„\u00193\u001d}meF\u0012/Rð¢§ Zf"
            }
        }
    ],
    "seed": 881604298
}