{
    "samples": [
        "3eadfbc424301d997974d754f31cab05549b401f23888912e5ef263010cd83ff",
        "fcec437392209b6cb455d1a498d4b637d1fd7813f39ad774e6080fbd603628fb",
        "2f6e6edcd13b4e697a13b1285ccc04e8b3768c9f251168333e3262fff21b4e87",
        "1e26d64fa949a34916a24673aa0a00bd8d98594ac122a14196ecd99965a32672",
        "fad6a4694d7ce44c9cae9ea0002d858e2a3eb12252161dff03580d6c5bfe7acf"
    ],
    "seed": 504743142
}