{
    "samples": [
        {
            "582003170a2e7597b7b7e3d84c05391d139a62b157e78786d8c082f29dcf4c111314#435": {
                "address": "boot1stvpskzxsdvpe2a2kmrlfnz2zy8v68xnpmrfn3srgsgawj64yhf586fd82sszkpztqsxkutpdpkxwmrtv3hhsurh0pmkwamy09jhz6r80pnksmtt09h8xacqrtw8hp6cz7hnnr",
                "value": {
                    "lovelace": 4442742
                }
            },
            "582003170a2e7597b7b7e3d84c05391d139a62b157e78786d8c082f29dcf4c111314#847": {
                "address": "boot1stvpskzxsdvpe5zelng9sev0pjt9s504lux3tpyhyk6hhyfp5wwfxdyn97sszkpztqsxucnpwdkh2utjw338qargwamhymmwvfkhxerkde5x56ny0pckgcgqrg248mn5jvaqsx",
                "value": {
                    "lovelace": 6028970
                }
            },
            "58201441ed556856d6419cac8fdc62893322984ab2eea6c2df323c6325fb97467fd0#282": {
                "address": "addr1gy7chymncvm36sgrt04feyygpsd4j2xlw2s35hf5td2t3tvy5ffc8ru3gwr0h8jav45q36",
                "value": {
                    "lovelace": 7924246
                }
            },
            "5820158d499fef5c013842e1c2fd870a0724cdfe4ef9d5c01675108ef5e9c8c763be#71": {
                "address": "boot1stvpskzxsdvpeapqalvltnzjnppf8ta43nmyugpf2q6wcurweuk2lxfuywsszkpztqsxyer209mxwetw0fj8zcn2wduhgmmgweuk26mhwecxgumxd3jxcucqrg5stnr5vh8tsu",
                "value": {
                    "lovelace": 437632
                }
            },
            "58202208e439244a1d0ef238352e3693098aba9de9dd0154f9056551636c8ed15dc1#507": {
                "address": "addr1q9jwuap343zfhspjwy6axerlx9273tlv3etechljp7zffdea3wfh8sehr4qsxkl2njggsrqmty5d7u4prfwngk65hzksnav2hf",
                "value": {
                    "lovelace": 9398004
                }
            },
            "5820395a122eb1402bf256d86e3fa44764cf9acc559017a00b2b9ee12498e73ef2b5#84": {
                "address": "addr1vxez3s9y2jncqfdn0g5naj0hclj9zrcexv59ylx50lugzzsdtyswe",
                "value": {
                    "lovelace": 8166459
                }
            },
            "58203f3782871202b3e4e89ec4d17789d86b05cdca5efd81be573baf93403dc3b29a#429": {
                "address": "boot1stvpskzdsdvpcn9cxjy32tvved9g3uhslkrgcqerv4923upd5pzcehmpd23qzkpztqsxvum3dfnkucmhwf3x67ttda4xu6tyde3xcetwwac8jat2df6kwugzg5ddurqp3upp4pparvxs6gdhnr",
                "value": {
                    "lovelace": 11610218
                }
            },
            "582044e9e1dfd31e4c8c8e05d6db76912790ae9b2f989463f59f709cdd3df7393675#477": {
                "address": "boot1stvpskzdsdvpeez48955ekc92hvsgwwex484kh5c2cs85nve986203w44x3qzkpztqsxyun6wfnkycmsdpsk56mtdp5h2at5v4mh5cn0de6xv6nwwfhx7aczg5dxwz9ve5qp4ntwudhqkvp644",
                "value": {
                    "lovelace": 14912273
                }
            },
            "58205787d864292810a3d403c59767998d44e443af2d48b877ccf57531a2df22a47e#463": {
                "address": "addr1v9vwrdjhrpf3ksjfgcgv2pkw7y8lqv06s9agla6up2ccpecmgfr42",
                "value": {
                    "lovelace": 10535672
                }
            },
            "582070b201352f24bf1c9770b99f8f71201821411cf414377c9b8c2dbcee61db87d6#319": {
                "address": "boot1stvpskzdsdvpcc7wj3vlxakzm2u0lm4n35zkm2ufx8dn9pvu0v3an20xr73qzkpztqsxsarvdfexwumrv3ekzmrevfkx5ctwveexjatcw9cx7erfd4mxuaqzg5dy2dek8yqp4drx7g2q9w8yh8",
                "value": {
                    "lovelace": 16348364
                }
            },
            "58208c272b95141731e2069ed10ad288146965eb76f0a566885323195f4cd7d58f3b#311": {
                "address": "boot1stvpskzxsdvpeugm68vt7ezfnjk8x9znve0a3pjjykag3dr43f9vvxqj4wsszkpztqsgz0gsms23ne7l90xq8q2hvfjp2h42vfcqqwauspdtglrjhkw8q2qqrfwkryvfrnpzvv",
                "value": {
                    "lovelace": 4369403
                }
            },
            "58208c272b95141731e2069ed10ad288146965eb76f0a566885323195f4cd7d58f3b#544": {
                "address": "boot1stvpskzdsdvpcvpk3kp3tfe4j0s0mvwttsg73v9v6jx706kd4wtnw9u6jz3qzkpztqs9vkpz85t2qvkl8ck0ju5t37rt7ysse4upeuctnze42ecyd0358aczg5d9klj2lvpp4cz7zmeqd08k3d",
                "value": {
                    "lovelace": 4497973
                }
            },
            "582092cdf578c47085a5992256f0dcf97d0b19f1f1c9de4d5fe30c3ace6191b6e5db#650": {
                "address": "boot1stvpskzxsdvpcadtngzwxuucq4r452ctqv6nygs9lqse5l5z78fx9dh8rjsszkpztqs04wtdc9mjgnne5yu2ua3886jhjmsd3egqrvvdkesn9xples5mvuczrf6uqect7tcc4r",
                "value": {
                    "lovelace": 6078448
                }
            },
            "582095c3003a78585e0db8c9496f6deef4de0ff000994b8534cd66d4fe96bb21ddd3#836": {
                "address": "addr128x8lhn4wvtj89tn6q0u6akv5pl4hrt08larg7lzxhz6am5yhsjcth56qjrulfn6ah740d",
                "value": {
                    "lovelace": 13307521
                }
            },
            "582096b5f154b0afc62c6a91d756ee31dfc219d76c08ebd30341c198e7b22533745e#721": {
                "address": "boot1stvpskppsdvpe4da73ahqtkwr66q2z7vagzm4d08asqzmnj0vt3gsyxws2sqyx45hy7dgz5spwc",
                "value": {
                    "lovelace": 2407020
                }
            },
            "5820bb30a42c1e62f0afda5f0a4e8a562f7a13a24cea00ee81917b86b89e801314aa#362": {
                "address": "addr1wxpw5qu0npyyszqxqudcavwr78cyg9egpzfw7afqx5xzehcfzlw4u",
                "value": {
                    "lovelace": 2072396
                }
            },
            "5820dfff88be5df71a1e88b76d0f5a2449edb77d855b19b3824915bcdf9fc1311823#847": {
                "address": "boot1stvpskzxsdvpc80d894wlm3tmj07dm5yqd8c5gjw5l2kqh2x793kea0tpxsszkpztqs2l84xzw4me5w5q00dk999djgdus7pc8dfju6an5chaxdhh4lclagzrg7qxa7jz69h6c",
                "value": {
                    "lovelace": 2846990
                }
            },
            "5820e88bd757ad5b9bedf372d8d3f0cf6c962a469db61a265f6418e1ffed86da29ec#389": {
                "address": "boot1stvpskzdsdvpect3m3map882gyulx7quqpjdqpjl2a3ljqh3txshe5x07w3qzkpztqsxcmrzwdax7atrvdkxgcmpdfuxgat8d958vatfva6x7cmfv3chgaczg5dzjptgncqp5c5k2l2qy8lnch",
                "value": {
                    "lovelace": 15706444
                }
            },
            "5820f3af13541ce4b643d22ba9671733a31fed7e453d5b427082d1ea771e0f7d58ae#59": {
                "address": "addr_test1yz85vx25lch33lhpmj3r8u6cjplxg0lc88k3lx27f0ejtceyt4d85ph7rq6cyshgz2qu6kafu647fm79feakt8e94whq5z32k0",
                "value": {
                    "lovelace": 4495829
                }
            },
            "5820f3af13541ce4b643d22ba9671733a31fed7e453d5b427082d1ea771e0f7d58ae#635": {
                "address": "addr1vxge7fv99ewsqr3sczyrerh06q9atg4yedx6r4rclqf29eceg32rs",
                "value": {
                    "lovelace": 16419643
                }
            },
            "5820f5c890541793f37bfeefc6edfa38412de005f5ac94f0f1ebfb8b55df20e6f654#386": {
                "address": "addr_test12q93rv0n6m2mnlzjr3xap7wrmjx3k9tttlvekymxnjktmu59svcd8fscsmql7nsjld0dt",
                "value": {
                    "lovelace": 5237253
                }
            },
            "5820fb3d635c7cb573d1b9e9bff4a64ab4f25190d29b6fd8db94c605a218a23fa9ad#168": {
                "address": "boot1stvpskzxsdvpcul74h3tyvj9ktdm8r2qt70ky5p6mzgx82hf6at99uwp07sszkpztqs8zuryv4shjmn8d468ycn3d9shganfvfkhvmrjw9axvmmpddmkvugzrtaqmc49cjsmu8",
                "value": {
                    "lovelace": 5872875
                }
            },
            "5820fb3d635c7cb573d1b9e9bff4a64ab4f25190d29b6fd8db94c605a218a23fa9ad#647": {
                "address": "addr1wyhp930yn8s9yxcnsdeer0hdzfy29cmpzumsvchwwkgck4s3x463q",
                "value": {
                    "lovelace": 14796752
                }
            }
        },
        {},
        {},
        {
            "58200a420b072ce72f6a6833576ffa74ea21dcca4ce7c025dbee7b1dae478cba6f29#627": {
                "address": "boot1stvpskzxsdvpe6k0y7gmrst7nn5cnd93s4jg6trjwg6f0vphy7pt4ma4u7sszkpztqsxcurevemhgen4waehser9v4jkkatkweek5atew9nx6cth0pchycczrtc0zsw8ldcmqp",
                "value": {
                    "lovelace": 6321855
                }
            },
            "58204c54f47d69e097eed691c686ac18444a10d4abe934c311d0fffba9a3928f9e71#288": {
                "address": "boot1stvpskzdsdvpctnztrp5se5qf5qx3xmcjv6wx6dwrexx0a0mpk30uvu0qx3qzkpztqs8z7tvw9uxg7rg0fjkkmmhdpkkg7t2vdaxzunjdp6xkargwdhxgeszg5dv4wsgpqqp5xumn6ds9wl550",
                "value": {
                    "lovelace": 6825543
                }
            },
            "58204f539156bfbefc070a3b61cad3d1cedab3050e2b2a62f0ffe16a43eb0edc1ce8#270": {
                "address": "addr129y00tyagpc4gjduyzvy9sw9l66r5hhzj3pu5q5ayn490nvyapcgtcxmtjr69lfm5khr6t",
                "value": {
                    "lovelace": 11422810
                }
            },
            "58205387d49e52ccb13f1704c321eb6e82be63cf494a3f981daa3aab0b2bbf29467f#91": {
                "address": "addr_test1vq7chymncvm36sgrt04feyygpsd4j2xlw2s35hf5td2t3tg3ngcrz",
                "value": {
                    "lovelace": 7366736
                }
            },
            "58205787d864292810a3d403c59767998d44e443af2d48b877ccf57531a2df22a47e#296": {
                "address": "boot1stvpskzxsdvpcw3vsld59p5f6qy48xat9hawmwjuvx0q8tdcjshk4dg87ksszkpztqs0wsvt858kxkr2tnpdtla5zlh7qy5grzqxkrcumjph8qndsplaczgqr2er23khpyr2nc",
                "value": {
                    "lovelace": 1664797
                }
            },
            "58205b4b01a4a3892ea3751793da57f072ae08eec694ddcda872239fc8239e4bcd1b#839": {
                "address": "addr1y9x0ehf3q8rtzkn3eu77fwhgccd4c9hllyqfnuq709yjxw8ve0a4ccvkw0cxfzjzeshcytype0p54mjpyarr36y60t6sgec800",
                "value": {
                    "lovelace": 12361827
                }
            },
            "58206685104c2ae2cfb08c4e3f5d33a3e26832f56bc34c5d56ab20ece1b735a1508a#360": {
                "address": "addr_test1vpkczs6g0s3dck8vadd487v8dcqg7pfzzf2z6fdq469ctxcmdlge3",
                "value": {
                    "lovelace": 10269344
                }
            },
            "582095c3003a78585e0db8c9496f6deef4de0ff000994b8534cd66d4fe96bb21ddd3#894": {
                "address": "addr_test1wrsxhmqztrs6eftp4lcw9hcxgwzq2782utgulffafgre80qnh4sqq",
                "value": {
                    "lovelace": 13050307
                }
            },
            "5820b4dd4eedb83933b6e013971585befe56e26e4f0a875aea0938f406563e53eadb#212": {
                "address": "addr_test12zckk4h4asryhe4v8j4kqd0046rtxekv8hz2p4t3vq7hpev939hgtxlxzwqcl0r7za3ytl",
                "value": {
                    "lovelace": 14278081
                }
            },
            "5820b4dd4eedb83933b6e013971585befe56e26e4f0a875aea0938f406563e53eadb#368": {
                "address": "addr_test1wpjlcuy6tcqehz46wmmfwlqusacwfvm05ah5xnhutzr50dcsj4erd",
                "value": {
                    "lovelace": 12924966
                }
            },
            "5820c190ad992ae264008253235c98e3ccdcd78d5d95f74f317f9c8af0482cb04b0b#587": {
                "address": "addr1x9htvds89a78ex2uls5y969ttry9s3k9etww0staxzndwldaqw0e2m6txqhn4dhu0396cv6s54q0gjhcr2zfyx2d6tpq9fhsx4",
                "value": {
                    "lovelace": 5106785
                }
            },
            "5820c7a203a908f989d693da05c2d1812b78e6b71521fb01146ebbf596b69b1a84c0#126": {
                "address": "boot1stvpskpgsdvpc30dhjlwky0qn2vvt2ejefeznzqwf3mtsvx5r80dtleapzssy3g6d226qjcqrt0uvswt77fghe",
                "value": {
                    "lovelace": 5459441
                }
            },
            "5820c7ab30d518436f5ee3e986aea62d3a422e6766e74a5dca42ccd4d7f17e06280c#1": {
                "address": "addr12yzfxl2az7f44h2360ru9lt4ayjk7h5amgr3hzu9v3n9th7c8zpdpdces6nty4gv7vydw",
                "value": {
                    "lovelace": 4675480
                }
            },
            "5820cc00d665921862a0904c08727111760ec004a2ea55f3c876deb764e40c444ad6#194": {
                "address": "boot1stvpskzdsdvpe8am4zm02uwpnk4k7xp2x0pd7xlmqg2nz59u3vpsrnvjpx3qzkpztqsvh4lv3e0vfnn65qlsxqryl4hku74lk64tl07rj7mz77nc970n3dszg5dfvmxq9gpp5wt4769st0kv69",
                "value": {
                    "lovelace": 8054712
                }
            },
            "5820cc82403cd25004abbbb6ecb2bed657fc13603728151c3ce5bc687f2c160028ce#263": {
                "address": "boot1stvpskzdsdvpexnufuhd8jwhxurj6keseld2mgkchpetd5p3kexd3nftmz3qzkpztqsxz7thd9mhx6nnw35hx7tzw4kkwcm509nxxcn3vf3xgcnt09hkkcczg5dwdv37dqqp5eraudxsj2w4kt",
                "value": {
                    "lovelace": 1404055
                }
            },
            "5820f63498b4ae65be466e4a71878971b9c524458996450b0ff8262cddf3f0d99229#313": {
                "address": "addr_test1vq32l5g0s27esn4x5mm709p8at5jpca00z0pjwv3s6fetzsqm029k",
                "value": {
                    "lovelace": 11962119
                }
            },
            "5820fa0b470cbbd61c551e1624e71dce9ca48095d06dfa6d53b040d99dd288dc1962#739": {
                "address": "boot1stvpskzxsdvpcuj64wtnmhn08dck29ymx7e77z2wlpdclhnc0ql9xqsv76sszkpztqs856mdwe3kv6r509a8war00fukvamhv9jxy7r6v3jxcanhv3ehvmqzrfsz4xyl44tu3l",
                "value": {
                    "lovelace": 13001227
                }
            },
            "5820fa0b470cbbd61c551e1624e71dce9ca48095d06dfa6d53b040d99dd288dc1962#924": {
                "address": "addr_test1vq659t9n5excps5nqgnq6ckrhpa8g2k3f2lc2h4uvuess8sratsmh",
                "value": {
                    "lovelace": 5148697
                }
            }
        },
        {
            "58201441ed556856d6419cac8fdc62893322984ab2eea6c2df323c6325fb97467fd0#0": {
                "address": "boot1stvpskzxsdvpcsmlfhcw5plgludrch85wxcums9j77fsmhlck8l7lwuyxksszkpztqsxycnnw9nkkmm8v43kwan4d4jkxcmzw9e8zer0dpkkjum80f4x2esqrtf4q6en26jdyw",
                "value": {
                    "lovelace": 5342052
                }
            },
            "5820395a122eb1402bf256d86e3fa44764cf9acc559017a00b2b9ee12498e73ef2b5#601": {
                "address": "boot1stvpskzxsdvpctky2dyfmcxpvcn8zu2r4pah7qlpqj6nm2gsa7trpqy0yksszkpztqsx2ercwemx5umkvahhqurdwa6hz6nzd4kkgcnkd4skcunn09kkuucqr27xcqthkucgcd",
                "value": {
                    "lovelace": 5716579
                }
            },
            "5820627460951005a4a9881182a8a32015b1dc85d5ee6f31e968b5b375115281e07a#807": {
                "address": "boot1stvpskzdsdvpe3kd3clx8963ftc59dm7q96tea32kcwnjjwpqu3yve38lw3qzkpztqswj3z4r58ayc6nu24gluv8g3xrrk2eqh5anr3vhzk9lchd3em4tygzg5dq4rppdqpp506ehfjs64k48z",
                "value": {
                    "lovelace": 297700
                }
            },
            "58207a610b385935ca503d6765af4e89b3a43689804ddf2ac61cb1c495d70ba5fd2d#53": {
                "address": "addr1w872rg9eanxmayte4sax7c2nf7ywqf9cxcy23tkav94mx7gplkffq",
                "value": {
                    "lovelace": 2292121
                }
            },
            "5820c7ab30d518436f5ee3e986aea62d3a422e6766e74a5dca42ccd4d7f17e06280c#513": {
                "address": "boot1stvpskzxsdvpcmwg6mtvq2pvsu7mpu67dhy0h5d0qmzmych9xsqtxmxm5wsszkpztqsxc7tjwp58q7n6wfe8smm40p38sar3v35kzmr4d3uhyetwvf4k7ucqr200aqtzuxq87t",
                "value": {
                    "lovelace": 2372046
                }
            },
            "5820c7ab30d518436f5ee3e986aea62d3a422e6766e74a5dca42ccd4d7f17e06280c#78": {
                "address": "addr_test1wqhp930yn8s9yxcnsdeer0hdzfy29cmpzumsvchwwkgck4s2wpx79",
                "value": {
                    "lovelace": 15874440
                }
            },
            "5820dfff88be5df71a1e88b76d0f5a2449edb77d855b19b3824915bcdf9fc1311823#659": {
                "address": "addr_test12qg94rcmk4jyfjkvscmce92zrt8wkvntp7mhg0jf86uzl400d2qe74yz507xyshugsc",
                "value": {
                    "lovelace": 6777472
                }
            },
            "5820e88bd757ad5b9bedf372d8d3f0cf6c962a469db61a265f6418e1ffed86da29ec#964": {
                "address": "boot1stvpskzdsdvpcy62zch9uxmlk4v8dsdvv4levtaxl9jj3xsx8anwwf9q373qzkpztqsvhyye4lqtl4rwjrwyc5x8qz6sud4t2m7plgnsp9js3dr0ps4scmszg5d9w4ve2gpp5dw0t3ds38nhah",
                "value": {
                    "lovelace": 541753
                }
            }
        }
    ],
    "seed": -58950005
}