{
    "samples": [
        {
            "headId": "01010000010101000000010000010100",
            "tag": "Abort"
        }
    ],
    "seed": -1510792644
}