{
    "samples": [
        {
            "headId": "01000000000000010100000101000000",
            "tag": "CollectCom",
            "utxoHash": "0001010000000101010001010001010001000001010000000101000001010101"
        }
    ],
    "seed": 1960163487
}