{
    "samples": [
        {
            "syncedStatus": {
                "diff": 0,
                "point": {
                    "blockHash": "0101000000000000000000000000010001000100010000010100010101010000",
                    "slot": 0,
                    "tag": "ChainPoint"
                },
                "status": true,
                "tip": {
                    "blockHash": "0101000001000101010001000101000001010101010101000101010101010001",
                    "slot": 1,
                    "tag": "ChainPoint"
                }
            },
            "tag": "ChainOutOfSync"
        }
    ],
    "seed": -429184662
}