{
    "samples": [
        {
            "headId": "e2a4b9f1ef12cb934a87a8855da8f54d",
            "tag": "CommitFinalized",
            "theDeposit": "1d8b196ddd7a01fd1dad526cd0e4e9ddbb99be5231e6b064588615f226a4dc78"
        }
    ],
    "seed": 1825576190
}