{
    "samples": [
        {
            "headId": "35b32264937f47cea347d18319036b5d",
            "recoveredTxId": "e1912fb08d29fb4f2d08fa71b150fd2238800368f07c85754c8b31b161a06180",
            "recoveredUTxO": {
                "e9bc6b6f7834438cf5b3361242526c493767d71ffb434768134fa35ac8ea4532#3": {
                    "address": "addr_test1yp3huffpt6f9p33axayt7rrw5p0azx8233zmuk6u8maeydwfsqc0y57f4rea2qp72xj2wh7wdu4dh5g9eq0zzpw8z8cstza2e3",
                    "datum": null,
                    "datumhash": "5d46d90aba667dcd5fc961c64605b74f4b87224508c2d6fac1842f4a8cdcb45a",
                    "inlineDatum": null,
                    "inlineDatumRaw": null,
                    "referenceScript": null,
                    "value": {
                        "bbd488c5e02ded4bd5f14371a208d0c93058216e882e46e830808f15": {
                            "31": 1
                        },
                        "lovelace": 1
                    }
                }
            },
            "tag": "CommitRecovered"
        }
    ],
    "seed": 635979267
}