{
    "samples": [
        {
            "headId": "00010000000000000001010100000001",
            "party": {
                "vkey": "29a236e7dfe29771ec90330401a393e7238ec0211408e5fe85c346923ceab967"
            },
            "tag": "Committed",
            "utxo": {
                "0001000100010001010100010000000101010000010001010100010001010001#36": {
                    "address": "addr1gxnp8a5j9xw0v4c30kd8f2u6mwu846e9nuyljcfgp7m37ggpqqqs3xh88l",
                    "datum": null,
                    "inlineDatum": {
                        "list": [
                            {
                                "map": []
                            },
                            {
                                "bytes": "53c745"
                            },
                            {
                                "constructor": 5,
                                "fields": []
                            },
                            {
                                "bytes": "cb922e"
                            },
                            {
                                "int": -4
                            }
                        ]
                    },
                    "inlineDatumRaw": "9fa04353c745d87e8043cb922e23ff",
                    "inlineDatumhash": "c6c2ac0057f090e5c56006df0415d54929b600413c05c7576aede86311950821",
                    "referenceScript": {
                        "script": {
                            "cborHex": "82018383030081830300808201808200581c243bf74837695ce2166448618388cab0da138bea8092ee1a1b453067",
                            "description": "",
                            "type": "SimpleScript"
                        },
                        "scriptLanguage": "SimpleScriptLanguage"
                    },
                    "value": {
                        "245d5a7a06fe18358242e81281cd5ba9e6abe4efc54e7b659f25abae": {
                            "2ff428fb955553e7cf369eb00c33111b2427413de3fb64f079a3": 8270415118883600202
                        }
                    }
                }
            }
        }
    ],
    "seed": 877024005
}