{
    "samples": [
        {
            "decommitTx": {
                "cborHex": "84ac00d9010281825820f279ce289375cbc9a62ec5c145cd0fd79a755ee78bdc61531414d1e48dd9e2a1010dd901028182582075b58bc810c9d7396ae1b68dbbc64763c2bb2de9ee3aa885e69592b739ae7c550112d9010281825820111c80f6ddbcf7adf63e3ae677569947f64bac52241a012f49194188c01140fc000181a400583920822f393a5d460eb5d9927d4fd889d8c12f6b60958955bf668eb08b579d7389bb9879a8328d36ea151d3e73d31ed657e504f224c2b74f0241018200a1581cea79902893dd50e53d251f91ccd5990ce71986e1ffbcb5d136c003d1a1581907d205f8cbd85bc5e1a5d1faeb39b3aaf51f7e70711b9d3fa81b2bddc1d6e51ff050028201d818434266af03d8184982014645010000260110a400583920e2d3224dec56da20eccbc340ff134db713e5d952ad0dfc4b82acf5babd1d53bbace9f58dd58f70961eaf4c91c7f49aafe4ada47ebf18c95b018200a1581c2e12c5e499e0521b13837391beed1248a2e36117370662ee75918b56a141301b51c5b21430862b2802820058208d159644cf5a3380f4a52dcf006ea07e9a2d4a3c05522f78b8c1dd724992754603d818582282008200581c2745932a69d8d7591a0b1ad9807a2f5141afc20512bcc37cf38c6688021a000e2d4e0ed9010281581cbaa96160a785f17d9b2b9600b13f6f300a6f10cb6e1ece841af15d9609a1581c2d725128406dc832eb74c4709aca0512499b3c7b17e00d7cb2e6d1b1a1439310133b6c626a8d91fcbeda0b5820c1a26fc7a608f8dcd9a54c0ad3d1e42afc63782e12bf5c828ba3cfa22bdd19810f0114d9010281841a000d5a74581de02597c174cc2814f6b10b31d48c753c8c2df14cad0803aa1323baa2f482038258205b584b96617c76c6aee59fdb831e8aa8bb990d3dcc596d9a6daa8f54b8c3772301826d68747470733a2f2f7a2e636f6d5820220338ddbca65c0afa1f8cc879f8a6d7077c96ad876a005d8db0375801a3e49b161a000bcb6ca300d90102818258203aa911103435c37aec7bc6b3971dc2bc25e5fe4f85078762f5c7fc55e998d0865840c8b876c18c200088ea6528965a4c6c4d275a477f415453cf88b43f4f1668272384b51ce8d5767b6f24b3aac6c6166f26e224aebc8084c4d08bd935f891d6432b02d9010281845820aa386738341cc79390a35559aab9af660626ccb90481bc908619e0a27bb3ff54584056d94e1e9744080813673a63f70fa8dfe6c8c841e2e307327b59f43b8611c7141dc1779d2977f6abf1ec0a3e16d4501fd7e70b3d3c1dd416f2fcceab13dd2303404004d9010281a3249fa222416b2205d87b9f0544256a8edcff00d87a9f412d05ff23ffa30043d4a8830203a0d87e9f2241e841f8ff059f9f4480a68043ffa14002d87a9f01445eb163572343b08b0fff03ff04f4d90103a100a10140",
                "description": "",
                "txId": "dda5891429ecf5f2c46803e0659adb0ba33f1cdedd5541b8ca8f4ada322bb3f9",
                "type": "Tx ConwayEra"
            },
            "headId": "00000100000001000101000101010000",
            "tag": "DecommitRequested",
            "utxoToDecommit": {
                "0101000000000101000001000100010001010100000100010100010000000101#91": {
                    "address": "addr_test1zr8ljh47twx9kufvl0uaxuzxphraa5p76x8w2v3qmc9t72kztkl402q95armgr2vydzsna6z5eqk84r5jr0qdawvqa4sh6m6sv",
                    "datum": null,
                    "datumhash": null,
                    "inlineDatum": null,
                    "inlineDatumRaw": null,
                    "referenceScript": null,
                    "value": {
                        "615abed4f307b57bdc04bac07625b7edfcd2afd9d0268826a892f4ea": {
                            "74ee18b3ea23a67a3f": 1
                        },
                        "lovelace": 292083564124192791
                    }
                }
            }
        }
    ],
    "seed": 2122089297
}