{
    "samples": [
        {
            "contestationDeadline": "1864-06-06T19:29:19.811403255909Z",
            "headId": "4c7c3f93c709ce947017010da871509f",
            "snapshotNumber": 6,
            "tag": "HeadIsClosed"
        }
    ],
    "seed": 1742075978
}