{
    "samples": [
        {
            "peer": "zocryeobfgljgxe",
            "tag": "PeerDisconnected"
        }
    ],
    "seed": -1791938521
}