{
    "samples": [
        {
            "headId": "06cf54c50cdecffd42032a23447b214b",
            "tag": "ReadyToFanout"
        }
    ],
    "seed": -1981680961
}