{
    "samples": [
        {
            "headId": "00000000010101000001000000000001",
            "snapshotNumber": 0,
            "tag": "SnapshotSideLoaded"
        }
    ],
    "seed": 1245755948
}