{
    "samples": [
        {
            "headId": "00000100000001000000000101010101",
            "signatures": {
                "multiSignature": [
                    "bfb12a9aa65990b0e9b1f6a5b2fadac14b928dd2a58907c0a967476d3b624dfeb05089f06a16185d3efc78049012fd5f35111eee1e755c235aeb0f18d35dad06"
                ]
            },
            "snapshot": {
                "confirmed": [],
                "headId": "00010001000000000000000001010001",
                "number": 0,
                "utxo": {
                    "0001000100010000000100000101010000010001000001000000010101010001#94": {
                        "address": "addr1yxy6pxggw59t983spl8spcul4fu6vr7cplwxkteqwhchwte3t58xdae4kgp2rt3eqsnwhzf2s7h07vs38qeeuqel3llq75gcwn",
                        "datum": null,
                        "datumhash": null,
                        "inlineDatum": null,
                        "inlineDatumRaw": null,
                        "referenceScript": {
                            "script": {
                                "cborHex": "820283830300808201838200581cf3d6339671e49823ecc833de5b0d801e1dd36564ec350efe012dd44e8200581cb007ffe9c48ef2a62824e404709be018e34487307b601574dcb214578202848200581cb0a18a142b9c6396f44fbc20fe81bdd7689502b6d8ae32d44c444b058200581c4708c26a82af08d471887e7fd9372ac32ce5c89569e463181623338f8200581c41ca3b397147e6c238c6fd56b558b78386d5c6359ae2d9c57ae9ed2a8200581c1327554fd458207bf2842d0bbb2435d0da953ef7f1d1bf92f8fabe27830300818202838200581c6c3e659dd3855caef8539f6905762cf37a5e1a3df9495f70329d48758200581cf11d9ac4e63b685049ca4412e7f09ffab758efad2c35498f40db451b8200581c88b7267ea9b2af5c80d5d5e5e37a93f934660111bb8d676fda9e4798",
                                "description": "",
                                "type": "SimpleScript"
                            },
                            "scriptLanguage": "SimpleScriptLanguage"
                        },
                        "value": {
                            "245d5a7a06fe18358242e81281cd5ba9e6abe4efc54e7b659f25abae": {
                                "f5cebaa21eb1875709b383b85407ad7edfd48b243cce1a09d4a0": 6200380684553611311
                            }
                        }
                    }
                },
                "utxoToCommit": {
                    "0100010100010100010100010001010000000001010101010001000101010000#56": {
                        "address": "addr_test1yrmvh2fwp4afkct64a6u4sr4v25dsp9j3ntfkaut2ss6lx86xgw66ah3auv2vp04nh6zgzqtv3030rp52a4nwcgehsusw2zcqu",
                        "datum": null,
                        "datumhash": "4a9146454c6355b84263abeab9f49cb47439543a7258247d048bdd80ed1dc4e0",
                        "inlineDatum": null,
                        "inlineDatumRaw": null,
                        "referenceScript": {
                            "script": {
                                "cborHex": "830301818200581c00b9c43cd05d8315e422f6a3112f2a862ad001b659036cf65d3bb790",
                                "description": "",
                                "type": "SimpleScript"
                            },
                            "scriptLanguage": "SimpleScriptLanguage"
                        },
                        "value": {
                            "b0c53e2bf180858da4b64eb5598c5615bba7d723d2b604a83b7f9165": {
                                "274c32808610b698662729850695b77e465a13a1dd1fcb7b2538": 8417237565192541874
                            },
                            "lovelace": 6992426183972017210
                        }
                    }
                },
                "utxoToDecommit": null,
                "version": 0
            },
            "tag": "SnapshotConfirmed"
        }
    ],
    "seed": 1238060879
}