{
    "samples": [
        {
            "point": {
                "blockHash": "0001000001000100010000010000010000000100010001010100010001010001",
                "slot": 1,
                "tag": "ChainPoint"
            },
            "tag": "ChainOutOfSync",
            "tip": {
                "blockHash": "0101000101000100000101010101010000010100000001010101010001000001",
                "slot": 0,
                "tag": "ChainPoint"
            }
        }
    ],
    "seed": -455573634
}