{
    "samples": [
        {
            "newVersion": 27,
            "tag": "CommitFinalized"
        }
    ],
    "seed": -631512089
}