{
    "samples": [
        {
            "chainState": {
                "recordedAt": {
                    "blockHash": "8a1a3649dda6270c2c80032c11989d219888e3f3901cb6e7428f8c96b5dcda20",
                    "slot": 617680,
                    "tag": "ChainPoint"
                },
                "spendableUTxO": {
                    "1aa990b597fbb509242fc3a11911a2e289261323f6b8b8fc5c8a8e86a64de042#86": {
                        "address": "addr1qxgu3zs6p4j8pztwz5tdsq3xy3caw9yys4nz6r39uknqfpvrtrcf0ljmen20uy2dzyvagtmg9l8gtl6m7hteyhy766ssu7jcxj",
                        "datum": null,
                        "datumhash": "649f48876f2d655c2b7722264a7fbc48e848b8bc87df2a698a49a741e700bffd",
                        "inlineDatum": null,
                        "inlineDatumRaw": null,
                        "referenceScript": {
                            "script": {
                                "cborHex": "820184830302848202838200581c6f7423e207b252c5ee4c55a99e9aefd0e7a38cb0394e320d3c75e34b8200581cbeefbe2c22bf4f24426561ebdb4d421ff450265d3a6de9a182ee66df8200581cde6a79fb8758f1353c155a04e55e03e52e92998cc9b9fe1ebe6d2db78201848200581cfd5d6d7bb42851ec1a670b6262c1efc08a67fd6a1ce06fb470862a068200581c10857f545a47c1dcf4a8bc2e7d3199b0db38d752d5834679903bab668200581cf9679e44b571785746cab13bad446deeaab094d09220e4b9486177a08200581c1d85f9b098c9f609e059de31d13b8f7b8a62398807c8d9360ac0fdcf8200581c5766544cb43456e551ad2f8f55d1e5394877186af3bd6226481c2b64830300828200581cc9cb0cb86466cb05caeac31a0edb83f48dd69d92927b094d9a1ea4d58200581c6440ba1ad2f40bacadef5470138c5b167d0a919740ecf8418d0361d08200581cb4b499c9ffc955d83e1f63cfd933c20061a22ab5e1e3fe5fe3ad0fb18202848202818200581c87c2487edaf212f843db1eb54d1a9a2b22f6b964b4527fccf03259d48202818200581c862f2beacbee9506b77acfc146a192b28307091128cb849c4048aa928202848200581c621c5ddf6541d8ddbc7762e81be889838e4b2110eb217ed5776de4c08200581c7363c6c2385308a48c2e42a99ea74bef2d28da04c3b70a0c7dcef3338200581c886774b7e09e4363d9538aa0a549fcfed7ab77e55fee50a054cec36d8200581c0274bd1a54bd2e079c659480bc465e397323b716cb836bc3261a26a182018082028383030080830301838200581c435bcd197c22c58f1540e272115465ee58da6541b8b4241af649a14b8200581c61269a02340d04baf32f93730be3ec24fca1292d268f3627493fe11f8200581c411008b984ed001e7ca6e2793fae604272c778dcbd742ee60f7f6b3d830301838200581c2ed162ddd91aae11511c5a9c2a065c6389c2299635cbd5ee8580af758200581c80cfc80a60567f060e7405812f164c3568399f33291ad85399b6fe3f8200581c360ed28266e17580af440619adc0c83a7e61f8f7c416c7558a19c209",
                                "description": "",
                                "type": "SimpleScript"
                            },
                            "scriptLanguage": "SimpleScriptLanguage"
                        },
                        "value": {
                            "467f58932b54910584a0e8ea25a225e06a14530b2e96e938c53a3f22": {
                                "35": 2
                            },
                            "4a1c412d8e2b3015a7fb7d382808fb7cb721bf93a56e8bb6661cdebe": {
                                "08a8f28ed41d1aa458ea0a634230068fd83e85d5aa05acafa7c6dc5113bf": 4400728272083615247
                            },
                            "lovelace": 2475767585908633883
                        }
                    },
                    "27fdfd004303285f3a633c33d7570d327f6824f38e1c2ec31bd745b88ae4dced#68": {
                        "address": "addr1xyq2yy8txpnj6r2wlmwzr83ad2wv28df52mw5sd6t28fvzm6mdxx5pvsx78du6rxtczqa3kzvveumyjs85affzqga0tq2zclr5",
                        "datum": null,
                        "datumhash": null,
                        "inlineDatum": null,
                        "inlineDatumRaw": null,
                        "referenceScript": {
                            "script": {
                                "cborHex": "4746010000222601",
                                "description": "",
                                "type": "PlutusScriptV1"
                            },
                            "scriptLanguage": "PlutusScriptLanguage PlutusScriptV1"
                        },
                        "value": {
                            "5c91f8d49a6aa7ebef0818afb5a28701053cc3edd5919812530fd3f7": {
                                "af8913f670650b9157aa0c80172b": 122272027305935862
                            },
                            "eee491eb2011c4b8be82123f3c5b579435c3621aae83aa0e3d861cc0": {
                                "34": 2012359704223962749
                            },
                            "lovelace": 1
                        }
                    },
                    "329261d66fa2094d4af432e3bb79a324c36308d9eee3443cc230c7ed2832ca93#24": {
                        "address": "addr1x8vjvaxdcv8lxsj4u8l5sf7wehhedd663vy24e2r4gs68k53jk36n4z75t3rdcz7s9mp4m0gswytt8xacwzmwmgz0mysgyzw9q",
                        "datum": null,
                        "inlineDatum": {
                            "list": []
                        },
                        "inlineDatumRaw": "80",
                        "inlineDatumhash": "45b0cfc220ceec5b7c1c62c4d4193d38e4eba48e8815729ce75f9c0ab0e4c1c0",
                        "referenceScript": {
                            "script": {
                                "cborHex": "82051a001f34be",
                                "description": "",
                                "type": "SimpleScript"
                            },
                            "scriptLanguage": "SimpleScriptLanguage"
                        },
                        "value": {
                            "4d50a11e297e7783383bf06dd6e4e481230323bd96cd8b8d9ee3888d": {
                                "ba6b": 2,
                                "c3410afcb21b65ed364a": 2
                            },
                            "lovelace": 3212645425727749837
                        }
                    },
                    "4ad912a91c86f9509f84a36045d57f424e6774318eccfd3bf9cbff4df0a6b530#96": {
                        "address": "addr_test1qrsmyzyfga4emae8rupd65ayu04sa9upstmpdt58wqvjr5ac4x5crtfue7aqc3smd4meq8r9l853x9zy3h08h4w7kczqgyppph",
                        "datum": null,
                        "inlineDatum": {
                            "map": [
                                {
                                    "k": {
                                        "map": [
                                            {
                                                "k": {
                                                    "int": 5
                                                },
                                                "v": {
                                                    "constructor": 0,
                                                    "fields": []
                                                }
                                            },
                                            {
                                                "k": {
                                                    "int": -5
                                                },
                                                "v": {
                                                    "map": [
                                                        {
                                                            "k": {
                                                                "bytes": "e8"
                                                            },
                                                            "v": {
                                                                "bytes": ""
                                                            }
                                                        },
                                                        {
                                                            "k": {
                                                                "bytes": ""
                                                            },
                                                            "v": {
                                                                "int": -1
                                                            }
                                                        },
                                                        {
                                                            "k": {
                                                                "bytes": "d37c"
                                                            },
                                                            "v": {
                                                                "int": -5
                                                            }
                                                        },
                                                        {
                                                            "k": {
                                                                "bytes": "9ee3"
                                                            },
                                                            "v": {
                                                                "int": -1
                                                            }
                                                        }
                                                    ]
                                                }
                                            },
                                            {
                                                "k": {
                                                    "bytes": "4218"
                                                },
                                                "v": {
                                                    "bytes": "5508017e"
                                                }
                                            },
                                            {
                                                "k": {
                                                    "int": -3
                                                },
                                                "v": {
                                                    "map": [
                                                        {
                                                            "k": {
                                                                "bytes": ""
                                                            },
                                                            "v": {
                                                                "int": 5
                                                            }
                                                        },
                                                        {
                                                            "k": {
                                                                "bytes": "badb1c"
                                                            },
                                                            "v": {
                                                                "int": 2
                                                            }
                                                        },
                                                        {
                                                            "k": {
                                                                "bytes": "16"
                                                            },
                                                            "v": {
                                                                "bytes": "f9cc"
                                                            }
                                                        },
                                                        {
                                                            "k": {
                                                                "bytes": "9d293358"
                                                            },
                                                            "v": {
                                                                "bytes": "8594ef4c"
                                                            }
                                                        }
                                                    ]
                                                }
                                            }
                                        ]
                                    },
                                    "v": {
                                        "int": -1
                                    }
                                },
                                {
                                    "k": {
                                        "list": []
                                    },
                                    "v": {
                                        "bytes": "367323"
                                    }
                                },
                                {
                                    "k": {
                                        "map": []
                                    },
                                    "v": {
                                        "int": 5
                                    }
                                },
                                {
                                    "k": {
                                        "map": [
                                            {
                                                "k": {
                                                    "constructor": 1,
                                                    "fields": []
                                                },
                                                "v": {
                                                    "list": [
                                                        {
                                                            "bytes": "3d"
                                                        },
                                                        {
                                                            "bytes": "0c"
                                                        },
                                                        {
                                                            "int": -4
                                                        },
                                                        {
                                                            "bytes": "b6376d40"
                                                        }
                                                    ]
                                                }
                                            }
                                        ]
                                    },
                                    "v": {
                                        "bytes": "359af5e4"
                                    }
                                },
                                {
                                    "k": {
                                        "constructor": 4,
                                        "fields": [
                                            {
                                                "constructor": 4,
                                                "fields": [
                                                    {
                                                        "bytes": "8a92"
                                                    },
                                                    {
                                                        "int": 4
                                                    },
                                                    {
                                                        "int": -4
                                                    }
                                                ]
                                            },
                                            {
                                                "list": []
                                            }
                                        ]
                                    },
                                    "v": {
                                        "list": [
                                            {
                                                "constructor": 5,
                                                "fields": [
                                                    {
                                                        "int": 5
                                                    },
                                                    {
                                                        "bytes": "9107ac"
                                                    },
                                                    {
                                                        "int": 1
                                                    },
                                                    {
                                                        "bytes": "8aa863"
                                                    }
                                                ]
                                            },
                                            {
                                                "bytes": "7e"
                                            },
                                            {
                                                "constructor": 1,
                                                "fields": [
                                                    {
                                                        "bytes": "2a"
                                                    }
                                                ]
                                            }
                                        ]
                                    }
                                }
                            ]
                        },
                        "inlineDatumRaw": "a5a405d8798024a441e840402042d37c24429ee320424218445508017e22a4400543badb1c02411642f9cc449d293358448594ef4c208043367323a005a1d87a809f413d410c2344b6376d40ff44359af5e4d87d9fd87d9f428a920423ff80ff9fd87e9f05439107ac01438aa863ff417ed87a9f412affff",
                        "inlineDatumhash": "eef8eaddb59c4f863b0e3cf365cb8d232cee6f00658f2c7af059c18fef4cb1e2",
                        "referenceScript": {
                            "script": {
                                "cborHex": "820180",
                                "description": "",
                                "type": "SimpleScript"
                            },
                            "scriptLanguage": "SimpleScriptLanguage"
                        },
                        "value": {
                            "864d35cd0367a18863cda344454156b115c870d0d3bb78791e509e93": {
                                "7cd372ec81df90d58596ccdd76": 3
                            },
                            "lovelace": 2
                        }
                    },
                    "4e8000a9299b9ec4ca50778eb033f315d6990f92a58f57d2c9ca1adb3f684b73#29": {
                        "address": "addr1x9emmdwpfcdeq0j6xc3s4vq0cpnwwy83qd638nhd282rsn87qrgh52vgr3q4g09yrdscr8d549md5kkkvsf2lh97gftsr3nepy",
                        "datum": null,
                        "datumhash": "3afa353f1727ed0c02e042a72d7020e0e14a9934c38971132b0871c2fa41d69a",
                        "inlineDatum": null,
                        "inlineDatumRaw": null,
                        "referenceScript": {
                            "script": {
                                "cborHex": "484701000022200101",
                                "description": "",
                                "type": "PlutusScriptV2"
                            },
                            "scriptLanguage": "PlutusScriptLanguage PlutusScriptV2"
                        },
                        "value": {
                            "2d725128406dc832eb74c4709aca0512499b3c7b17e00d7cb2e6d1b1": {
                                "519f8a0408b8fde689e18afb38c7f3c488508eae128dfc90dd5f9e": 3147373430624710367
                            },
                            "lovelace": 2
                        }
                    },
                    "75407b8f93c97268b843897025e7ec8e03d2933ce4532d876ebfc7c9b1640a73#4": {
                        "address": "addr_test1yqda0fnwrtpc8chhkjwaadvelf6t9ku7hyt755qhqjv2jl5rtwfcztdtkzdgnhug9dhq8f3hh82pdhau7xmrrq9wpnqs00wqmv",
                        "datum": null,
                        "datumhash": null,
                        "inlineDatum": null,
                        "inlineDatumRaw": null,
                        "referenceScript": {
                            "script": {
                                "cborHex": "484701000022200101",
                                "description": "",
                                "type": "PlutusScriptV1"
                            },
                            "scriptLanguage": "PlutusScriptLanguage PlutusScriptV1"
                        },
                        "value": {
                            "2d725128406dc832eb74c4709aca0512499b3c7b17e00d7cb2e6d1b1": {
                                "bf7505fa42fa2f5d386eb22da5965a951c66b22c0212094bfd": 2,
                                "c07a": 2
                            },
                            "6309131df181400b7c2a615d8ce9d2575239fd999fbff91ba7b33bb7": {
                                "44a77ed47fd16b164cf1096000f6ed8e159f8929b1": 2,
                                "56c47e911c": 6772620603544607186
                            },
                            "lovelace": 951775115673192509
                        }
                    },
                    "9a82c7e2e7f1af6691aadd3ec2c833de05b69a5a188a20c82eaef640021500f1#10": {
                        "address": "addr_test1zp0ejjym5hpckxlzxtm3z62kupaeyqz23njmmgcg08gtpyrql9epmjhdfl2yptvyg88jlw2qzjfspjx78yn8zw2jna2smshfkn",
                        "datum": null,
                        "datumhash": null,
                        "inlineDatum": null,
                        "inlineDatumRaw": null,
                        "referenceScript": null,
                        "value": {
                            "105a8f1bb56444cacc86378c95421aceeb326b0fb7743e493eb82fd5": {
                                "37": 2,
                                "bad9389ecfed0336937c507e82de0d0eeff95469712e53b1a487e3b1bc8fcfce": 1
                            },
                            "4a1c412d8e2b3015a7fb7d382808fb7cb721bf93a56e8bb6661cdebe": {
                                "98": 448603048141512185,
                                "cd60da5320354d2d3026f380397e9fb80323c1f3a7ddbe0f8bede7ff1e92fe": 2
                            },
                            "lovelace": 1344533204235960714
                        }
                    },
                    "ca402ab87dc2bffefc03be3a6b637bad47f2a18761d5f331de82bd9da13cea63#16": {
                        "address": "addr_test1zp2qtf68wvpveg0n0df3a4543mdnnpa7uzvtkexk6nfufrzcjnf0pffk3pzps3j08rmyzrnpf2n4xsu7nfn7cw2kjqpq23pwks",
                        "datum": null,
                        "datumhash": null,
                        "inlineDatum": null,
                        "inlineDatumRaw": null,
                        "referenceScript": {
                            "script": {
                                "cborHex": "4746010000222601",
                                "description": "",
                                "type": "PlutusScriptV2"
                            },
                            "scriptLanguage": "PlutusScriptLanguage PlutusScriptV2"
                        },
                        "value": {
                            "46142b3ef82ffd06363409a19ae0060c3f068d2ff91563a613bf42de": {
                                "34c927a59c91111db285": 2
                            },
                            "lovelace": 3193870152750057067
                        }
                    },
                    "d759f5b7e54dfd4ea1413d3fd421f2461a3aea943a76f6150acf39afc04b6472#35": {
                        "address": "addr_test1xzj3phtrt9xdx82rgt9pt6wtvpw7qhdq6gn4gglkma42zdekut754afy5mt26tuumx8whclpxsccmjvrxpq07ujn7pvqtc68tp",
                        "datum": null,
                        "datumhash": "6efba44317cd09d3f42fddeb6e0d5b0a5ed59ab6281614582870abfc088cb9c5",
                        "inlineDatum": null,
                        "inlineDatumRaw": null,
                        "referenceScript": {
                            "script": {
                                "cborHex": "820280",
                                "description": "",
                                "type": "SimpleScript"
                            },
                            "scriptLanguage": "SimpleScriptLanguage"
                        },
                        "value": {
                            "9336ed8aa961b534eb403dc9d9c5b44561a5dc27756b7b6311675cc4": {
                                "35": 2
                            },
                            "b0c53e2bf180858da4b64eb5598c5615bba7d723d2b604a83b7f9165": {
                                "f496b299003d0b822a7631733d5adac118e0cfe248a617033b1c": 3361366164207140815
                            },
                            "lovelace": 1326748878947530551
                        }
                    }
                }
            },
            "committedUTxO": {
                "820630c4fa64c7957a7dd046945c74ef2f12f4778ef3b4d2454ba8def9821c4a#83": {
                    "address": "addr_test1zzx2mnpjj6nj0j3tynum52y56p5mu7a5fxlfxdllehn7jllpps6fv8rhnldxqvcf4aa8ps52ffwfq4grrqx85jwzl77suu7p0s",
                    "datum": null,
                    "datumhash": null,
                    "inlineDatum": null,
                    "inlineDatumRaw": null,
                    "referenceScript": null,
                    "value": {
                        "4a1c412d8e2b3015a7fb7d382808fb7cb721bf93a56e8bb6661cdebe": {
                            "fd4d5603fde937e57af89dc894": 2
                        },
                        "lovelace": 2
                    }
                },
                "a5d4387012b31e2b963f473df03d8b61537818664e0bf1b82deb28291d74ad7a#8": {
                    "address": "addr_test1gpwkaa8twmgsgr8mlajefejjen0v0llyma2g7e5jdkevhk5phetcrztvmq2sr25qyt",
                    "datum": null,
                    "datumhash": null,
                    "inlineDatum": null,
                    "inlineDatumRaw": null,
                    "referenceScript": null,
                    "value": {
                        "5739528e98ab7dcff7f2a804566351581c36d5d8cefd7599d1d51a76": {
                            "af6766762e6424d31623a2": 249004344474759136,
                            "f82dedac5b0f4faf8e2a44ca81e7": 7032850221436944412
                        },
                        "674e151b2f5ff4392f0afa4538c7dd8194a98dcb7818e332fb3d1eb6": {
                            "34": 4048726280155941608
                        },
                        "lovelace": 2
                    }
                },
                "c2ad1f698e166227cbe645adca3f5472122ce4ac210b497090d9079555a08f8e#37": {
                    "address": "addr_test1zrv2um8kyp58cg4spuv9l7g2rdfl56n0uljpcykk6lvqe3g3s64lm2xywhhx8wscknd7f7hzafps6pm4gx69z8xhyhusem46dh",
                    "datum": null,
                    "datumhash": null,
                    "inlineDatum": null,
                    "inlineDatumRaw": null,
                    "referenceScript": {
                        "script": {
                            "cborHex": "820280",
                            "description": "",
                            "type": "SimpleScript"
                        },
                        "scriptLanguage": "SimpleScriptLanguage"
                    },
                    "value": {
                        "e50764a9825ae350d32544b34fe351d746abcb1c55533a63dce025c2": {
                            "68844e4ff07f33ab2acb8fce917ba619286fca8f7833cb89cdb3495bc9": 8156575816923393240
                        },
                        "lovelace": 4968345805889967486
                    }
                },
                "e53d809d57c9c4751ccee4d4c3a1f7deb778b67dd5dd9f04733a8ce0c39f39fa#22": {
                    "address": "addr_test1xqf0jhqjz2y7wnacm957e9ymnv4ls7xpks0umymwlvu2wa4skdt6z7pjw3jt8e537yn6ltn2jvhe0uzsc44gjqej6hkqj36qqr",
                    "datum": null,
                    "inlineDatum": {
                        "bytes": "7932bb"
                    },
                    "inlineDatumRaw": "437932bb",
                    "inlineDatumhash": "ddb9f0c3edb3533f6be71061a060e8bc494ced44731ebd6d188dc21ed8b0ea22",
                    "referenceScript": {
                        "script": {
                            "cborHex": "820183820284830302828200581cdc9c3f94a82204c4b9e869e28820d5f6b839ee48592113dda86f2e408200581c2b98c4358a4994003f8730d9a200d59f8c79efaea112d9015f6839bf830300808201818200581c250b5f44442ab0422f86b85b714a813fc55f55376e59936fcd0c1c748202848200581c19792d69e9b7ee197af0840df0308ae9231825feae2a4152457c1d158200581c440204381bbaa484210f347776a233bb60159b0c4362a76ffb7dacb78200581c892f8b3f9e9c06e410726620375cb772a339a9e4428608b674af88f88200581cac385949cd419696dc39a38d5482c2f44d23600f87feace989e38b2d820183830301818200581c71baf4d76058e0c267a7f4851ec8bc9f078c13ed59f6397eb39c905f8202818200581c0d11a8c6d2c243afd0994ebe85e9df4e2a87558c382bd5e7e7ead4c98201838200581cef62d61e29c1a95c92fc5dbcf17317c9d100dc8c78e3b1386c5168e88200581c1dbf7cdb988958a56b2a3d70789744761baedfe3c244d4557d43b3f38200581ce0e61fdf8c22f21ec4aff4c92bccd15afee4c4118141d2cf788312b3820281820280",
                            "description": "",
                            "type": "SimpleScript"
                        },
                        "scriptLanguage": "SimpleScriptLanguage"
                    },
                    "value": {
                        "866c02877eae7b4c587c3969c4e735a585246e38c482d09fe1d358a6": {
                            "137d163f0d8fa8fd68fa6038c60dfb": 2189840150314963913,
                            "402c3c3ce78f17080ba43b072f65": 1299651636543145628
                        },
                        "ac3298539f7fb320f788c4b2c8b86c77fbef5ab2b84cb5eaf8fae24b": {
                            "32": 1,
                            "ee07ccb9ee5b3a54ce17140e9a4428de2ce9c8": 2
                        },
                        "lovelace": 1
                    }
                },
                "ff7605b4b9e6a055a1b62615c4b707cbbf336ed511344b0286951665643e5e1f#48": {
                    "address": "addr1xydkgntv6kkaq7d38qgkhc4gdr67yne935frqk4m4l45l4ggxm50n47v700a8uxz527smc8ksqpct8zuhyy4ha4nwstqhasf9a",
                    "datum": null,
                    "datumhash": null,
                    "inlineDatum": null,
                    "inlineDatumRaw": null,
                    "referenceScript": {
                        "script": {
                            "cborHex": "484701000022200101",
                            "description": "",
                            "type": "PlutusScriptV2"
                        },
                        "scriptLanguage": "PlutusScriptLanguage PlutusScriptV2"
                    },
                    "value": {
                        "0f0354feae68e7af8e9d3006ddfdea62baefe59973e8cb419b9676f0": {
                            "33": 5115514888276819304,
                            "39": 7442575724977200596
                        },
                        "lovelace": 5267083046456604962
                    }
                }
            },
            "party": {
                "vkey": "c2e3a928c38dbab0419c33756715864fc58f69a146fe98677659fc03965182e0"
            },
            "tag": "CommittedUTxO"
        }
    ],
    "seed": 745718056
}