{
    "samples": [
        {
            "newVersion": 24,
            "tag": "DecommitFinalized"
        }
    ],
    "seed": 1929343895
}