{
    "samples": [
        {
            "chainState": {
                "recordedAt": {
                    "blockHash": "0100000001000001000001000000010000010001000001000001010100000100",
                    "slot": 1,
                    "tag": "ChainPoint"
                },
                "spendableUTxO": {
                    "0101010000010100000100000101010100010001010101010100000000010001#82": {
                        "address": "addr_test1vqk360q6fgl0ayfgxy2hnklpt4smv4554zt05lam7gf93hc64ehvc",
                        "datum": null,
                        "datumhash": "3d75d5965ad461870a41ac359b409b18c9101ab760d616870f192968427d0e8b",
                        "inlineDatum": null,
                        "inlineDatumRaw": null,
                        "referenceScript": null,
                        "value": {
                            "c4b404b8d3ccf28bce7245036eadb8b361c1274fbef00d5710a7728b": {
                                "31": 1
                            },
                            "lovelace": 1150770
                        }
                    }
                }
            },
            "created": "1864-05-09T10:28:26.984543370977Z",
            "deadline": "1864-05-09T23:10:27.017687221465Z",
            "depositTxId": "0100000000000000010100000000010100010100000000000101000100000100",
            "deposited": {
                "0000000100000100010100000101000000010101010000000000000000000100#12": {
                    "address": "addr_test1wprlrj5qndjmxv7vxj504659wjc80v84d70zg6s5cmwd3dqylmlc3",
                    "datum": null,
                    "inlineDatum": {
                        "list": []
                    },
                    "inlineDatumRaw": "80",
                    "inlineDatumhash": "45b0cfc220ceec5b7c1c62c4d4193d38e4eba48e8815729ce75f9c0ab0e4c1c0",
                    "referenceScript": null,
                    "value": {
                        "cc1a207fef26923f3097858b4726ad0f17bbd25fbc84f065247c121c": {
                            "30": 1
                        },
                        "lovelace": 45000000000000000
                    }
                }
            },
            "headId": "01000000010000010000000001010101",
            "tag": "DepositRecorded"
        }
    ],
    "seed": -998259638
}