{
    "samples": [
        {
            "chainTime": "1864-05-10T23:28:59.26886109689Z",
            "deposit": {
                "created": "1864-05-08T08:54:33.444937466527Z",
                "deadline": "1864-05-10T07:30:47.523942425941Z",
                "deposited": {
                    "0100000000010001000100010000000101000001000100000100000001000001#7": {
                        "address": "addr_test1wzwnp2l2e5u9re3lp49xuklfhynn4wydv4lgshc3zy24mugmncrfq",
                        "datum": null,
                        "datumhash": "f8f8b265be88cd9dc06292cc205d800feca0bea44bdd5b93f30571eb58820f6b",
                        "inlineDatum": null,
                        "inlineDatumRaw": null,
                        "referenceScript": null,
                        "value": {
                            "467f58932b54910584a0e8ea25a225e06a14530b2e96e938c53a3f22": {
                                "0d64460feeeb975e5a28ea40c9": 1
                            },
                            "lovelace": 45000000000000000
                        }
                    }
                },
                "headId": "00000000010001010000000100000101",
                "status": "Active"
            },
            "depositTxId": "0000000001010000010100000100010101000000010000000001010101000101",
            "tag": "DepositExpired"
        }
    ],
    "seed": 801701391
}