{
    "samples": [
        {
            "chainState": {
                "recordedAt": {
                    "blockHash": "0101010101010000000100000100010101010000000101000001000001000001",
                    "slot": 1,
                    "tag": "ChainPoint"
                },
                "spendableUTxO": {
                    "0000010100000101010001000001010100010000010100010001000101010001#2": {
                        "address": "addr_test1zrtd7zam8q9ywr40dx7u6hn9d7fvng66uav7tkh6c9r9s4j5xexu0xgwqan5sfmzm4q8s5esyj493uhx5mac7qd3mp8sqlne5s",
                        "datum": null,
                        "datumhash": "771838bf58077d0081b8c28fcc9fd66dffe147ba4bdb2209c46e0c39bf2f3d85",
                        "inlineDatum": null,
                        "inlineDatumRaw": null,
                        "referenceScript": null,
                        "value": {
                            "lovelace": 45000000000000000
                        }
                    }
                }
            },
            "depositTxId": "0101010001000100000001000100000000010001010100000001010100010101",
            "headId": "01000101000001000101010101000001",
            "recovered": {
                "0001000000000001010101010100010001010000010001000001000101000001#16": {
                    "address": "addr_test1xpg85sruv64mzw32dc8hsdlgr96fllxdq5w6a2nv6gsplmxjt8sfkf7d9e8tedjxj4xutdsk7swh56m9fp6fys2nfkaqpstdtd",
                    "datum": null,
                    "datumhash": "85090fcad7532bdd356eabb30e69620048123686fceadab9d18a75b1f7e1db9c",
                    "inlineDatum": null,
                    "inlineDatumRaw": null,
                    "referenceScript": null,
                    "value": {
                        "d689db0023cc2bae5df541e8b9810d592cc1f4a534a80687dd2eafbd": {
                            "37": 1
                        },
                        "lovelace": 1271450
                    }
                }
            },
            "tag": "DepositRecovered"
        }
    ],
    "seed": -1048695086
}