{
    "samples": [
        {
            "headId": "3791f3a9d167b2c119c61bb9fa8eb86b",
            "tag": "HeadIsReadyToFanout"
        }
    ],
    "seed": 1451184457
}