{
    "samples": [
        {
            "chainState": {
                "recordedAt": {
                    "blockHash": "7102329a46243a3ae789d233e2827ebd36558cca713db5b4564a3db8016fb46a",
                    "slot": 9336939,
                    "tag": "ChainPoint"
                },
                "spendableUTxO": {
                    "19bbe9e488809b71d32998f7cf4d4e7edd5ae56b8c7bed73af58d70e903d8670#6": {
                        "address": "addr_test1wqkxve5r65v6j756n77ywdu2q0see543nrfn5upn8gc0r9cm9cpwx",
                        "datum": null,
                        "inlineDatum": {
                            "constructor": 5,
                            "fields": [
                                {
                                    "bytes": "b9b37927"
                                },
                                {
                                    "list": [
                                        {
                                            "int": -5
                                        }
                                    ]
                                }
                            ]
                        },
                        "inlineDatumRaw": "d87e9f44b9b379279f24ffff",
                        "inlineDatumhash": "13ed1b5a8d84a8a3ce8a9428cbf56d2509703b6fd16741ae003c15cdb87f34fa",
                        "referenceScript": {
                            "script": {
                                "cborHex": "82051a00cb5d83",
                                "description": "",
                                "type": "SimpleScript"
                            },
                            "scriptLanguage": "SimpleScriptLanguage"
                        },
                        "value": {
                            "352aa39172b99afba9f5997a249f338e835ffeea17b8b971357377d2": {
                                "9174fc0b1ff0050d02c701a34e34": 2
                            },
                            "lovelace": 3574542171337467507
                        }
                    },
                    "27c61c10a0626ba49335c6b0b68d5a5f738f5fad1c32ba19cf2cbe77588c6201#37": {
                        "address": "addr128mmnz8cx9pdhwlkxqddp7m7l8s5y47hn85q4wk2us282tvpju2cr4c5sxh3xeguy7l",
                        "datum": null,
                        "inlineDatum": {
                            "map": []
                        },
                        "inlineDatumRaw": "a0",
                        "inlineDatumhash": "d36a2619a672494604e11bb447cbcf5231e9f2ba25c2169177edc941bd50ad6c",
                        "referenceScript": {
                            "script": {
                                "cborHex": "8202838200581c1a0c67ca0bec429f3076a136f9af4a5f9bb464f71825e89226d4d0118200581c39dc14519c97d39d38c8a99793f4b72492bcf620351679dccf26edfa8202828200581c6e9c677e11ca428b9db31468ebf4b4d4d07d30ac9e47a24c8908f56d8201818200581c91038e2fab15f648b104a495fce6d133cd2ab63888bc7e56b11e1000",
                                "description": "",
                                "type": "SimpleScript"
                            },
                            "scriptLanguage": "SimpleScriptLanguage"
                        },
                        "value": {
                            "245d5a7a06fe18358242e81281cd5ba9e6abe4efc54e7b659f25abae": {
                                "13c0893b07928ff703b15730c99f5f0ef42098519ab47696d8": 1
                            },
                            "lovelace": 5294175716188534278
                        }
                    },
                    "3614511da2fa7cfa18449d7d421f7cc2938e10bc8a373c22e3566eebe326fa54#73": {
                        "address": "addr1w8k7qa8383htrjkpfmrfekv7zw52cd6vs7j3taf7mrp4v5qpghexq",
                        "datum": null,
                        "datumhash": null,
                        "inlineDatum": null,
                        "inlineDatumRaw": null,
                        "referenceScript": {
                            "script": {
                                "cborHex": "8201838202838200581ccf63e7ad2499ec36bcb26c331ba73af2668d31765121ccfa23ad7f8c8200581c2059ff5b1e04d95c3262b25a18efcf2e341f49135637cc0f9217ac968201838200581c7068acd20fb8e6310ddbe65e1b981461cdacbc08f7fbcb6c6d0a18c68200581ce2ff6f3cf6e39c6227fd3e9802e10801bfe7b2947558a7fa34559f788200581cbe8967b0f39833a1d55a075432d7a265bb0436a1315f6cb44b01b3558201848200581c3b1b065fb8eda73d80186287aca4b017d006c00501d94ca16a7b4e56830301828200581c07976d6f5080817116474a7d1c8fb798a8b6c76724f6e9ad34b1401e8200581cb40bd475012889576ffd79e5f46c1c5d5a91b2e4d465bff0047006ed8202818200581c2f8adb219064274cb2f0a6dc38e75c0ccf1042dd19084b111150f1fd8201848200581c79071521f26c5a30c8c15e29c2350cd7e1a8edb0bef5c6a02dc2627f8200581cf9f854cc38e389f764beb2e3e21967402abc50c79ac8aace1086a53a8200581c3043e7c9ba0d1f739b61a5f26766ac9fc2a04847cdb4284923c606178200581c4a7a10c10c52a9060b7c2902cde9d992a2d26a110891995b5c32eac183030284830303838200581caeed82c25659cda1faaeb7ce538b480fe30f1fac2c0eb79d64d4cd878200581cf4bcc6ad1984e2566ea12357c38a74b50194b9ade049e9ccec84f57b8200581c67d0f72d4eadeca98aa8ee72f1cfb84faa7b5f6ae8f37c88d6f1f8ac830303838200581c4057a92798022fda2600c01dafed42a339b53e4b7823d10c152ad4f68200581c29d6bfc9096a052964f481d1a696b32fc28d97c220c4363599b47cef8200581c64703c05ef018031d312b8588d00ee81cfe24e0843fa763e107f35e28201848200581cf1f0126040a1431fbecc56d652971b6cf8feae4da18bf70b446188338200581c88260b3cc14748c8d5ae4eebb527e3b8616ca6d9497bad2899f942c28200581c68895bd213adf5c8b3e554d3719d43de1afae879632940764030b0fa8200581c31d50f0e3b8096650e68e18ab609e20925ad85d59210220fcc5022938201818200581c2b0cb13c3c115c289f2416d56493e738efa82203132f8de72b069609",
                                "description": "",
                                "type": "SimpleScript"
                            },
                            "scriptLanguage": "SimpleScriptLanguage"
                        },
                        "value": {
                            "4d50a11e297e7783383bf06dd6e4e481230323bd96cd8b8d9ee3888d": {
                                "01ca357c31de981aa365": 1
                            },
                            "lovelace": 2474192979178435713
                        }
                    },
                    "5c1d929066f39a169555011abf5ed8513ae98ad854fe2a1d073488ec2aed2ca4#38": {
                        "address": "addr_test1wr24yjd5kxk86t8vw7vq0jrtr88gfw8ljuumqtrasls5jkgsujxja",
                        "datum": null,
                        "datumhash": null,
                        "inlineDatum": null,
                        "inlineDatumRaw": null,
                        "referenceScript": null,
                        "value": {
                            "4a1c412d8e2b3015a7fb7d382808fb7cb721bf93a56e8bb6661cdebe": {
                                "30": 1,
                                "7c2c91313ce0c2ee1441b129f521374fc29cf44463b2c1b074": 3380975031147179716
                            },
                            "lovelace": 2389206067814847850
                        }
                    },
                    "5e9e009c59e4b84f87e51d547bc222108839f7a8fed40aec568f82dae1e13d29#41": {
                        "address": "addr1z8g7umjcpqyymrp03380wd0zne6kgea8z9eh3285c6tmpy5nzh8yncxdev26n57qavzws0u778xty6s9qzxtk5wf83rq4303yr",
                        "datum": null,
                        "datumhash": "6d063b60619e904e6f0d335a8861441acf0b3d262509b2c7a0cbbb5a4a782e44",
                        "inlineDatum": null,
                        "inlineDatumRaw": null,
                        "referenceScript": {
                            "script": {
                                "cborHex": "820183820181830300828200581c3dceda502965c84a59411b59077a7974c00946a451c46d47cb49b6688200581c519801fd9b26abd9e99d2bda43e554cb9eb5f699c39dc288fedf93d98200581c9fc36a92498dfadde850bddb56d41e8828b837f7fd16878446a047808200581c9d6bfca1c182c53f17b44652f1f8944b68997f812e397e0964fe9e8f",
                                "description": "",
                                "type": "SimpleScript"
                            },
                            "scriptLanguage": "SimpleScriptLanguage"
                        },
                        "value": {
                            "4d50a11e297e7783383bf06dd6e4e481230323bd96cd8b8d9ee3888d": {
                                "39": 2
                            },
                            "8aa1ffcebfca060ae81072037f5cb8aa8b75a4825e14bd479cf27a04": {
                                "6225eaa986b55e8078ca2dce43c381d0ffcc7bf5ef7c22": 2
                            },
                            "lovelace": 1551146047016845314
                        }
                    },
                    "7dd0ef6cf335f09af2c65948130ccc961e1e63ba509a11649b536d70657b6c6c#78": {
                        "address": "EqGAuA8vHnPAcMLSmX9u9b2W86v2zBW8bHqxP5og4PYLQeRmmiELjetHVSmtoCGNEuEp4RAg7ypVPf1pGgDTZf5zP3HBE5rXLfBBZktgcJvPWVs6ay1JY72",
                        "datum": null,
                        "datumhash": null,
                        "inlineDatum": null,
                        "inlineDatumRaw": null,
                        "referenceScript": null,
                        "value": {
                            "20f8d42c8da9b95cfa422d92443da64250c8fc586b8c96c73f0ad169": {
                                "7927900cc890d5a6f5ea4d73fe52b21ba9eeee4b33eaaf5c474e0e33db": 3373892073285575823
                            },
                            "2e12c5e499e0521b13837391beed1248a2e36117370662ee75918b56": {
                                "33": 2
                            },
                            "lovelace": 667655517250931212
                        }
                    },
                    "9c1556c0b8b20860dfdffda7957cc27dab5e71d42119c2326f296bb5e5fc9b19#87": {
                        "address": "addr_test1ypy4akpjcxrwgcyx6p2j8kgnq23g59mu7sqjlnw6cke58r055y77wxe345afturfukz497dm7y6cw87k72dtqqkdkxtqxykjx4",
                        "datum": null,
                        "datumhash": "5e9b5db32e23ae7c9003202c8dc9e224a15ab934fd3ee9243e4b5fc1e14ce8fa",
                        "inlineDatum": null,
                        "inlineDatumRaw": null,
                        "referenceScript": {
                            "script": {
                                "cborHex": "4746010000222601",
                                "description": "",
                                "type": "PlutusScriptV1"
                            },
                            "scriptLanguage": "PlutusScriptLanguage PlutusScriptV1"
                        },
                        "value": {
                            "4a1c412d8e2b3015a7fb7d382808fb7cb721bf93a56e8bb6661cdebe": {
                                "34": 8788299453399997760
                            },
                            "fa22038c073933d2f4b4f84f7b4a09d8c9baeb722687014c6491dafc": {
                                "40ad1b02f99044a7726f72f71c": 3925276034052669225
                            },
                            "lovelace": 7951778538715444686
                        }
                    },
                    "a6bbc623c8d09b57acde3c2c688fad79155cff2f34adcb949028940be5b99c71#20": {
                        "address": "addr1qy40dpnk0d2p7tdx4uyj9jwh034esueh9tvflmzs7zvkhxvtw8gwftahgr03l28es0lkuy7p4wxlmtz8hjttrxa66jcq0qlh2x",
                        "datum": null,
                        "datumhash": null,
                        "inlineDatum": null,
                        "inlineDatumRaw": null,
                        "referenceScript": {
                            "script": {
                                "cborHex": "83030080",
                                "description": "",
                                "type": "SimpleScript"
                            },
                            "scriptLanguage": "SimpleScriptLanguage"
                        },
                        "value": {
                            "d5ddbae5c3d36d3e1062189b08990a20085ea1769cb7ab72ff5f74a0": {
                                "2909f5d167fa73c4b93036dfe05fbce26c5d8075": 1,
                                "f26737a00c6f809383a5b5fe8da5efa6": 1
                            },
                            "lovelace": 1
                        }
                    },
                    "d5080c48ea8163bd74c01856b909df700b4d6b4385091b49b646558506106bb5#9": {
                        "address": "addr1z9wt260m4dvwc8dsf2zeltdm29m0zevz67ztjyna6v5qq8wrlqcz4yhe7lmz2jdcajtzf5c29y64drrhtyjvwc44h7cqlj6ehx",
                        "datum": null,
                        "datumhash": "02227ce469b02bf4d0d3c7ac90ca0cb23165633b6d6dc0d0fa9ee81a0fdc9bf4",
                        "inlineDatum": null,
                        "inlineDatumRaw": null,
                        "referenceScript": {
                            "script": {
                                "cborHex": "82051a00064855",
                                "description": "",
                                "type": "SimpleScript"
                            },
                            "scriptLanguage": "SimpleScriptLanguage"
                        },
                        "value": {
                            "7d13eb3a63c00e209c4e1a49d442678bc6f7c05fa575140f8b27d7da": {
                                "34": 1
                            },
                            "lovelace": 1984572087055911133
                        }
                    },
                    "dc5dd5ac29d9b7eabab8a204dd44504505da1052df93d7d2c782a6e600559088#28": {
                        "address": "addr_test1yzp84h5wvl4dd6fcnxe4j08e82x470gntftlquq4lkxlsrz9vcrmkwf5hfqur9ukkc9u687qawad2jvkl2pxsmwwzucqm7855k",
                        "datum": null,
                        "datumhash": "974b079920b73efac6e0d1a667dd0073667d4e697cbf8dc37278c4f53dfc1f56",
                        "inlineDatum": null,
                        "inlineDatumRaw": null,
                        "referenceScript": {
                            "script": {
                                "cborHex": "830300828202838200581cb0fdd2357cf65c64f5ca9676dd90dc9eaa032ca1f178aa7f7d2665168200581cfcf1a2394fdfa3b8ab57413d6fde22c2ef0ca3bf7fc138c800c5e7b08200581c74f2bf57e90ad3a5cf65cfbbce17624144aea34bffc3ebf0bfc882ed8200581c431534333036a9bb1b745b095fd49e563e04349a64f2bfb3c186388a",
                                "description": "",
                                "type": "SimpleScript"
                            },
                            "scriptLanguage": "SimpleScriptLanguage"
                        },
                        "value": {
                            "245d5a7a06fe18358242e81281cd5ba9e6abe4efc54e7b659f25abae": {
                                "30": 2,
                                "36": 8977887475738423325
                            }
                        }
                    }
                }
            },
            "tag": "HeadFannedOut"
        }
    ],
    "seed": -1960471760
}