{
    "samples": [
        {
            "clusterPeers": "",
            "misconfiguredPeers": "$",
            "tag": "NetworkClusterIDMismatch"
        }
    ],
    "seed": 1702753294
}