{
    "samples": [
        {
            "peer": "rhemzlsycphgslgzbnah",
            "tag": "PeerDisconnected"
        }
    ],
    "seed": 1107866702
}