{
    "samples": [
        {
            "peer": "bo",
            "tag": "PeerConnected"
        }
    ],
    "seed": 34163548
}