{
    "samples": [
        {
            "chainSlot": 25,
            "tag": "TickObserved"
        }
    ],
    "seed": 1181146882
}